mmc_private.h:31:29:mmc_berase	0	static
mmc_private.h:37:21:mmc_bwrite	0	static
mmc.c:994:13:mmc_set_ios	0	static
mmc.c:546:12:mmc_set_capacity	24	static
mmc.c:24:12:board_mmc_getwp	0	static
mmc.c:29:5:mmc_getwp	8	static
mmc.c:45:12:board_mmc_getcd	0	static
mmc.c:50:5:mmc_send_cmd	0	static
mmc.c:451:12:mmc_send_ext_csd	56	static
mmc.c:267:12:mmc_go_idle	40	static
mmc.c:354:12:mmc_send_op_cond_iter	16	static
mmc.c:108:5:mmc_send_status	48	static
mmc.c:473:12:mmc_switch.isra.0	40	static
mmc.c:158:5:mmc_set_blocklen	40	static
mmc.c:172:13:find_mmc_device	8	static
mmc.c:232:14:mmc_bread	80	static
mmc.c:600:5:mmc_switch_part	16	static
mmc.c:574:5:mmc_select_hwpart	16	static
mmc.c:622:5:mmc_hwpart_config	608	static
mmc.c:816:5:mmc_getcd	8	static
mmc.c:1000:6:mmc_set_clock	4	static
mmc.c:1020:12:mmc_startup	1320	static
mmc.c:1518:18:mmc_register	8	static
mmc.c:1526:13:mmc_create	16	static
mmc.c:1565:6:mmc_destroy	0	static
mmc.c:1583:13:board_mmc_power_init	0	static
mmc.c:1587:5:mmc_start_init	56	static
mmc.c:1665:5:mmc_init	48	static
mmc.c:1572:19:mmc_get_dev	8	static
mmc.c:1684:5:mmc_set_dsr	0	static
mmc.c:1691:12:cpu_mmc_init	0	static
mmc.c:1697:12:board_mmc_init	0	static
mmc.c:1704:6:print_mmc_devices	32	static
mmc.c:1736:5:get_mmc_num	0	static
mmc.c:1741:6:mmc_set_preinit	0	static
mmc.c:1760:5:mmc_initialize	16	static
