cfb_console.c:436:13:video_drawchars	40	static
cfb_console.c:1262:13:draw_bitmap	32	static
cfb_console.c:878:13:console_newline.constprop	20	static
cfb_console.c:944:13:video_putc	24	static
cfb_console.c:1158:13:video_puts	24	static
cfb_console.c:430:12:board_cfb_skip	0	static
cfb_console.c:1180:13:video_set_lut	0	static
cfb_console.c:1299:12:display_rle8_bitmap	1096	static
cfb_console.c:1862:13:plot_logo_or_black	48	static
cfb_console.c:1847:12:do_clrlogo	16	static
cfb_console.c:1447:5:video_display_bitmap	64	static
cfb_console.c:2133:6:video_clear	0	static
cfb_console.c:2261:12:board_video_skip	0	static
cfb_console.c:2267:5:drv_video_init	176	static
cfb_console.c:2312:6:video_position_cursor	8	static
cfb_console.c:2318:5:video_get_pixel_width	0	static
cfb_console.c:2323:5:video_get_pixel_height	0	static
cfb_console.c:2328:5:video_get_screen_rows	0	static
cfb_console.c:2333:5:video_get_screen_columns	0	static
