ipu_common.c:215:12:clk_ldb_clk_enable	0	static
ipu_common.c:150:12:clk_ipu_enable	0	static
ipu_common.c:226:13:clk_ldb_clk_disable	0	static
ipu_common.c:172:13:clk_ipu_disable	0	static
ipu_common.c:406:12:ipu_pixel_clk_enable	0	static
ipu_common.c:415:13:ipu_pixel_clk_disable	0	static
ipu_common.c:343:22:ipu_pixel_clk_round_rate	48	static
ipu_common.c:377:12:ipu_pixel_clk_set_rate	32	static
ipu_common.c:327:13:ipu_pixel_clk_recalc	24	static
ipu_common.c:423:12:ipu_pixel_clk_set_parent	8	static
ipu_common.c:84:6:clk_enable	0	static
ipu_common.c:93:6:clk_disable	0	static
ipu_common.c:103:5:clk_get_usecount	0	static
ipu_common.c:111:5:clk_get_rate	0	static
ipu_common.c:119:13:clk_get_parent	0	static
ipu_common.c:127:5:clk_set_rate	8	static
ipu_common.c:134:6:clk_round_rate	0	static
ipu_common.c:142:5:clk_set_parent	0	static
ipu_common.c:498:5:ipu_probe	24	static
ipu_common.c:566:6:ipu_dump_registers	0	static
ipu_common.c:612:9:ipu_init_channel	24	static
ipu_common.c:701:6:ipu_uninit_channel	32	static
ipu_common.c:1100:9:ipu_enable_channel	24	static
ipu_common.c:1144:6:ipu_clear_buffer_ready	8	static
ipu_common.c:1178:9:ipu_disable_channel	32	static
ipu_common.c:1232:10:bytes_per_pixel	0	static
ipu_common.c:1044:9:ipu_init_channel_buffer	104	static
ipu_common.c:1265:19:format_to_colorspace	0	static
