Archive member included to satisfy reference by file (symbol)

/Devel/NOVAsdk2019.01/Xcompiler_2019.01/arch32-arm-gcc-5.5.0/bin/../lib/gcc/arm-buildroot-linux-gnueabihf/5.5.0/libgcc.a(_udivsi3.o)
                              arch/arm/cpu/armv7/built-in.o (__aeabi_uidiv)
/Devel/NOVAsdk2019.01/Xcompiler_2019.01/arch32-arm-gcc-5.5.0/bin/../lib/gcc/arm-buildroot-linux-gnueabihf/5.5.0/libgcc.a(_divsi3.o)
                              common/built-in.o (__aeabi_idiv)
/Devel/NOVAsdk2019.01/Xcompiler_2019.01/arch32-arm-gcc-5.5.0/bin/../lib/gcc/arm-buildroot-linux-gnueabihf/5.5.0/libgcc.a(_lshrdi3.o)
                              fs/built-in.o (__aeabi_llsr)
/Devel/NOVAsdk2019.01/Xcompiler_2019.01/arch32-arm-gcc-5.5.0/bin/../lib/gcc/arm-buildroot-linux-gnueabihf/5.5.0/libgcc.a(_ashldi3.o)
                              drivers/mmc/built-in.o (__aeabi_llsl)
/Devel/NOVAsdk2019.01/Xcompiler_2019.01/arch32-arm-gcc-5.5.0/bin/../lib/gcc/arm-buildroot-linux-gnueabihf/5.5.0/libgcc.a(_dvmd_lnx.o)
                              /Devel/NOVAsdk2019.01/Xcompiler_2019.01/arch32-arm-gcc-5.5.0/bin/../lib/gcc/arm-buildroot-linux-gnueabihf/5.5.0/libgcc.a(_udivsi3.o) (__aeabi_idiv0)

Discarded input sections

 .data          0x0000000000000000        0x0 arch/arm/cpu/armv7/start.o
 .bss           0x0000000000000000        0x0 arch/arm/cpu/armv7/start.o
 .text.v7_outer_cache_flush_all
                0x0000000000000000        0x2 arch/arm/cpu/armv7/built-in.o
 .text.v7_outer_cache_inval_all
                0x0000000000000000        0x2 arch/arm/cpu/armv7/built-in.o
 .text.v7_outer_cache_flush_range
                0x0000000000000000        0x2 arch/arm/cpu/armv7/built-in.o
 .text.v7_outer_cache_inval_range
                0x0000000000000000        0x2 arch/arm/cpu/armv7/built-in.o
 .text.v7_arch_cp15_set_l2aux_ctrl
                0x0000000000000000        0x6 arch/arm/cpu/armv7/built-in.o
 .text.v7_arch_cp15_set_acr
                0x0000000000000000        0x6 arch/arm/cpu/armv7/built-in.o
 .text.sdelay   0x0000000000000000        0x6 arch/arm/cpu/armv7/built-in.o
 .text.wait_on_value
                0x0000000000000000       0x1a arch/arm/cpu/armv7/built-in.o
 .text.get_boot_device
                0x0000000000000000       0x4c arch/arm/cpu/armv7/built-in.o
 .text.set_wdog_reset
                0x0000000000000000        0xe arch/arm/cpu/armv7/built-in.o
 .text.imx_setup_hdmi
                0x0000000000000000       0x58 arch/arm/cpu/armv7/built-in.o
 .text.enable_enet_pll
                0x0000000000000000       0x44 arch/arm/cpu/armv7/built-in.o
 .text.enable_enet_clk
                0x0000000000000000       0x1c arch/arm/cpu/armv7/built-in.o
 .text.enable_uart_clk
                0x0000000000000000       0x1c arch/arm/cpu/armv7/built-in.o
 .text.enable_usdhc_clk
                0x0000000000000000       0x38 arch/arm/cpu/armv7/built-in.o
 .text.enable_spi_clk
                0x0000000000000000       0x2c arch/arm/cpu/armv7/built-in.o
 .text.enable_sata_clock
                0x0000000000000000       0x18 arch/arm/cpu/armv7/built-in.o
 .text.enable_pcie_clock
                0x0000000000000000       0x64 arch/arm/cpu/armv7/built-in.o
 .data          0x0000000000000000        0x0 arch/arm/cpu/armv7/built-in.o
 .bss           0x0000000000000000        0x0 arch/arm/cpu/armv7/built-in.o
 .text          0x0000000000000000        0x0 arch/arm/imx-common/built-in.o
 .text.imx_iomux_set_gpr_register
                0x0000000000000000       0x2c arch/arm/imx-common/built-in.o
 .text.get_imx_reset_cause
                0x0000000000000000        0xc arch/arm/imx-common/built-in.o
 .text.set_chipselect_size
                0x0000000000000000       0x5c arch/arm/imx-common/built-in.o
 .text.mxs_wait_mask_set
                0x0000000000000000       0x24 arch/arm/imx-common/built-in.o
 .text.mxs_wait_mask_clr
                0x0000000000000000       0x22 arch/arm/imx-common/built-in.o
 .text.mxs_reset_block
                0x0000000000000000       0x58 arch/arm/imx-common/built-in.o
 .text.setup_sata
                0x0000000000000000       0x40 arch/arm/imx-common/built-in.o
 .text.usec2ticks
                0x0000000000000000       0x4c arch/arm/imx-common/built-in.o
 .data          0x0000000000000000        0x0 arch/arm/imx-common/built-in.o
 .bss           0x0000000000000000        0x0 arch/arm/imx-common/built-in.o
 .text.reset_misc
                0x0000000000000000        0x2 arch/arm/lib/built-in.o
 .text.flush_cache
                0x0000000000000000        0x2 arch/arm/lib/built-in.o
 .text.flush_dcache_all
                0x0000000000000000        0xa arch/arm/lib/built-in.o
 .text.enable_caches
                0x0000000000000000        0xc arch/arm/lib/built-in.o
 .text.arm_init_before_mmu
                0x0000000000000000        0x2 arch/arm/lib/built-in.o
 .text.mmu_page_table_flush
                0x0000000000000000        0x2 arch/arm/lib/built-in.o
 .rodata.pl310  0x0000000000000000        0x4 arch/arm/lib/built-in.o
[...]
Memory Configuration

Name             Origin             Length             Attributes
*default*        0x0000000000000000 0xffffffffffffffff

Linker script and memory map

Address of section .text set to 0x17800000
                0x0000000000000000                . = 0x0
                0x0000000000000000                . = ALIGN (0x4)

.text           0x0000000017800000    0x24448
 *(.__image_copy_start)
 .__image_copy_start
                0x0000000017800000        0x0 arch/arm/lib/built-in.o
                0x0000000017800000                __image_copy_start
 *(.vectors)
 .vectors       0x0000000017800000      0x2e8 arch/arm/lib/built-in.o
                0x0000000017800000                _start
                0x0000000017800020                _undefined_instruction
                0x0000000017800024                _software_interrupt
                0x0000000017800028                _prefetch_abort
                0x000000001780002c                _data_abort
                0x0000000017800030                _not_used
                0x0000000017800034                _irq
                0x0000000017800038                _fiq
                0x0000000017800040                IRQ_STACK_START_IN
 arch/arm/cpu/armv7/start.o(.text*)
 .text          0x00000000178002e8       0xbc arch/arm/cpu/armv7/start.o
                0x00000000178002e8                reset
                0x00000000178002ec                save_boot_params_ret
                0x0000000017800328                c_runtime_cpu_setup
                0x0000000017800338                save_boot_params
                0x000000001780033c                cpu_init_cp15
                0x000000001780039c                cpu_init_crit
 *(.text*)
 .text          0x00000000178003a4       0x1c arch/arm/cpu/armv7/built-in.o
                0x00000000178003a4                lowlevel_init
 .text.v7_maint_dcache_all
                0x00000000178003c0       0xb8 arch/arm/cpu/armv7/built-in.o
 .text.invalidate_icache_all
                0x0000000017800478       0x14 arch/arm/cpu/armv7/built-in.o
                0x0000000017800478                invalidate_icache_all
 .text.v7_outer_cache_enable
                0x000000001780048c       0x70 arch/arm/cpu/armv7/built-in.o
                0x0000000017800490                v7_outer_cache_enable
 .text.v7_outer_cache_disable
                0x00000000178004fc       0x14 arch/arm/cpu/armv7/built-in.o
                0x0000000017800500                v7_outer_cache_disable
 .text.flush_dcache_all
                0x0000000017800510       0x10 arch/arm/cpu/armv7/built-in.o
                0x0000000017800510                flush_dcache_all
 .text.invalidate_dcache_all
                0x0000000017800520       0x10 arch/arm/cpu/armv7/built-in.o
                0x0000000017800520                invalidate_dcache_all
 .text.arm_init_before_mmu
                0x0000000017800530       0x22 arch/arm/cpu/armv7/built-in.o
                0x0000000017800530                arm_init_before_mmu
 .text.flush_dcache_range
                0x0000000017800552       0x28 arch/arm/cpu/armv7/built-in.o
                0x0000000017800552                flush_dcache_range
 .text.mmu_page_table_flush
                0x000000001780057a       0x1e arch/arm/cpu/armv7/built-in.o
                0x000000001780057a                mmu_page_table_flush
 .text.flush_cache
                0x0000000017800598        0x6 arch/arm/cpu/armv7/built-in.o
                0x0000000017800598                flush_cache
 *fill*         0x000000001780059e        0x2 
 .text.invalidate_dcache_range
                0x00000000178005a0       0x78 arch/arm/cpu/armv7/built-in.o
                0x00000000178005a0                invalidate_dcache_range
 .text.cpu_cache_initialization
                0x0000000017800618        0x2 arch/arm/cpu/armv7/built-in.o
                0x0000000017800618                cpu_cache_initialization
 .text.cleanup_before_linux
                0x000000001780061a       0x22 arch/arm/cpu/armv7/built-in.o
                0x000000001780061a                cleanup_before_linux
 .text.get_nr_cpus
                0x000000001780063c        0xc arch/arm/cpu/armv7/built-in.o
                0x000000001780063c                get_nr_cpus
 .text.get_cpu_rev
                0x0000000017800648       0x4c arch/arm/cpu/armv7/built-in.o
                0x0000000017800648                get_cpu_rev
 .text.get_board_rev
                0x0000000017800694       0x26 arch/arm/cpu/armv7/built-in.o
                0x0000000017800694                get_board_rev
 *fill*         0x00000000178006ba        0x2 
 .text.init_aips
                0x00000000178006bc       0x30 arch/arm/cpu/armv7/built-in.o
                0x00000000178006bc                init_aips
 .text.arch_cpu_init
                0x00000000178006ec      0x12c arch/arm/cpu/armv7/built-in.o
                0x00000000178006ec                arch_cpu_init
 .text.board_postclk_init
                0x0000000017800818       0x40 arch/arm/cpu/armv7/built-in.o
                0x0000000017800818                board_postclk_init
 .text.enable_caches
                0x0000000017800858       0x2c arch/arm/cpu/armv7/built-in.o
                0x0000000017800858                enable_caches
 .text.imx_get_mac_from_fuse
                0x0000000017800884       0x24 arch/arm/cpu/armv7/built-in.o
                0x0000000017800884                imx_get_mac_from_fuse
 .text.boot_mode_apply
                0x00000000178008a8       0x1c arch/arm/cpu/armv7/built-in.o
                0x00000000178008a8                boot_mode_apply
 .text.s_init   0x00000000178008c4       0x8c arch/arm/cpu/armv7/built-in.o
                0x00000000178008c4                s_init
 .text.reset_misc
                0x0000000017800950        0x2 arch/arm/cpu/armv7/built-in.o
                0x0000000017800950                reset_misc
 *fill*         0x0000000017800952        0x2 
 .text.imx_enable_hdmi_phy
                0x0000000017800954       0x3c arch/arm/cpu/armv7/built-in.o
                0x0000000017800954                imx_enable_hdmi_phy
 .text.get_ipg_clk
                0x0000000017800990       0x1c arch/arm/cpu/armv7/built-in.o
 .text.get_uart_clk
                0x00000000178009ac       0x3c arch/arm/cpu/armv7/built-in.o
 .text.mxc_get_pll_pfd
                0x00000000178009e8       0x6c arch/arm/cpu/armv7/built-in.o
 .text.get_usdhc_clk
                0x0000000017800a54       0x58 arch/arm/cpu/armv7/built-in.o
 .text.enable_ocotp_clk
                0x0000000017800aac       0x1c arch/arm/cpu/armv7/built-in.o
                0x0000000017800aac                enable_ocotp_clk
 .text.enable_usboh3_clk
                0x0000000017800ac8       0x20 arch/arm/cpu/armv7/built-in.o
                0x0000000017800ac8                enable_usboh3_clk
 .text.enable_i2c_clk
                0x0000000017800ae8       0x30 arch/arm/cpu/armv7/built-in.o
                0x0000000017800ae8                enable_i2c_clk
 .text.get_periph_clk
                0x0000000017800b18       0x88 arch/arm/cpu/armv7/built-in.o
                0x0000000017800b18                get_periph_clk
 .text.get_axi_clk
                0x0000000017800ba0       0x34 arch/arm/cpu/armv7/built-in.o
 .text.enable_fec_anatop_clock
                0x0000000017800bd4       0x70 arch/arm/cpu/armv7/built-in.o
                0x0000000017800bd4                enable_fec_anatop_clock
 .text.imx_get_uartclk
                0x0000000017800c44        0x4 arch/arm/cpu/armv7/built-in.o
                0x0000000017800c44                imx_get_uartclk
 .text.disable_sata_clock
                0x0000000017800c48       0x10 arch/arm/cpu/armv7/built-in.o
                0x0000000017800c48                disable_sata_clock
 .text.enable_thermal_clk
                0x0000000017800c58       0x30 arch/arm/cpu/armv7/built-in.o
                0x0000000017800c58                enable_thermal_clk
 .text.mxc_get_clock
                0x0000000017800c88      0x118 arch/arm/cpu/armv7/built-in.o
                0x0000000017800c88                mxc_get_clock
 .text.imx_get_fecclk
                0x0000000017800da0        0x6 arch/arm/cpu/armv7/built-in.o
                0x0000000017800da0                imx_get_fecclk
 *fill*         0x0000000017800da6        0x2 
 .text.do_mx6_showclocks
                0x0000000017800da8      0x1a8 arch/arm/cpu/armv7/built-in.o
                0x0000000017800da8                do_mx6_showclocks
 .text.enable_ipu_clock
                0x0000000017800f50       0x10 arch/arm/cpu/armv7/built-in.o
                0x0000000017800f50                enable_ipu_clock
 .text.cpu_reset
                0x0000000017800f60       0x1c arch/arm/cpu/armv7/built-in.o
                0x0000000017800f60                cpu_reset
 .text.cpu_status
                0x0000000017800f7c       0x2c arch/arm/cpu/armv7/built-in.o
                0x0000000017800f7c                cpu_status
 .text.cpu_release
                0x0000000017800fa8       0x4c arch/arm/cpu/armv7/built-in.o
                0x0000000017800fa8                cpu_release
 .text.is_core_valid
                0x0000000017800ff4       0x12 arch/arm/cpu/armv7/built-in.o
                0x0000000017800ff4                is_core_valid
 *fill*         0x0000000017801006        0x2 
 .text.cpu_disable
                0x0000000017801008       0x1c arch/arm/cpu/armv7/built-in.o
                0x0000000017801008                cpu_disable
 .text.imx_iomux_v3_setup_pad
                0x0000000017801024       0x74 arch/arm/imx-common/built-in.o
                0x0000000017801024                imx_iomux_v3_setup_pad
 .text.imx_iomux_v3_setup_multiple_pads
                0x0000000017801098       0x38 arch/arm/imx-common/built-in.o
                0x0000000017801098                imx_iomux_v3_setup_multiple_pads
 .text.imx_ddr_size
                0x00000000178010d0       0x48 arch/arm/imx-common/built-in.o
                0x00000000178010d0                imx_ddr_size
 .text.get_imx_type
                0x0000000017801118       0x18 arch/arm/imx-common/built-in.o
                0x0000000017801118                get_imx_type
 .text.print_cpuinfo
                0x0000000017801130      0x148 arch/arm/imx-common/built-in.o
                0x0000000017801130                print_cpuinfo
 .text.cpu_eth_init
                0x0000000017801278        0x4 arch/arm/imx-common/built-in.o
                0x0000000017801278                cpu_eth_init
 .text.cpu_mmc_init
                0x000000001780127c        0x4 arch/arm/imx-common/built-in.o
                0x000000001780127c                cpu_mmc_init
 .text.get_ahb_clk
                0x0000000017801280       0x1c arch/arm/imx-common/built-in.o
                0x0000000017801280                get_ahb_clk
 .text.arch_preboot_os
                0x000000001780129c       0x12 arch/arm/imx-common/built-in.o
                0x000000001780129c                arch_preboot_os
 .text.get_clocks
                0x00000000178012ae       0x12 arch/arm/imx-common/built-in.o
                0x00000000178012ae                get_clocks
 .text.force_idle_bus
                0x00000000178012c0      0x14c arch/arm/imx-common/built-in.o
 .text.setup_i2c
                0x000000001780140c       0x94 arch/arm/imx-common/built-in.o
                0x000000001780140c                setup_i2c
 .text.board_video_skip
                0x00000000178014a0       0xe0 arch/arm/imx-common/built-in.o
                0x00000000178014a0                board_video_skip
 .text.detect_hdmi
                0x0000000017801580       0x10 arch/arm/imx-common/built-in.o
                0x0000000017801580                detect_hdmi
 .text.timer_init
                0x0000000017801590       0xe4 arch/arm/imx-common/built-in.o
                0x0000000017801590                timer_init
 .text.get_ticks
                0x0000000017801674       0x34 arch/arm/imx-common/built-in.o
                0x0000000017801674                get_ticks
 .text.get_timer_masked
                0x00000000178016a8       0xa8 arch/arm/imx-common/built-in.o
                0x00000000178016a8                get_timer_masked
 .text.get_timer
                0x0000000017801750        0xc arch/arm/imx-common/built-in.o
                0x0000000017801750                get_timer
 .text.__udelay
                0x000000001780175c       0xd0 arch/arm/imx-common/built-in.o
                0x000000001780175c                __udelay
 .text.get_tbclk
                0x000000001780182c       0x6c arch/arm/imx-common/built-in.o
                0x000000001780182c                get_tbclk
 .text.create_usage
                0x0000000017801898       0x68 arch/arm/imx-common/built-in.o
 .text.do_boot_mode
                0x0000000017801900       0x80 arch/arm/imx-common/built-in.o
 .text.add_board_boot_modes
                0x0000000017801980       0x3c arch/arm/imx-common/built-in.o
                0x0000000017801980                add_board_boot_modes
 .text.do_hdmidet
                0x00000000178019bc       0x18 arch/arm/imx-common/built-in.o
 .text          0x00000000178019d4       0xa8 arch/arm/lib/built-in.o
                0x00000000178019d4                _main
 .text.relocate_vectors
                0x0000000017801a7c       0x70 arch/arm/lib/built-in.o
                0x0000000017801a7c                relocate_vectors
                0x0000000017801a88                relocate_code
 .text.arch_fixup_fdt
                0x0000000017801aec       0x24 arch/arm/lib/built-in.o
                0x0000000017801aec                arch_fixup_fdt
 .text.boot_jump_linux
                0x0000000017801b10       0x78 arch/arm/lib/built-in.o
 .text.arch_lmb_reserve
                0x0000000017801b88       0x1a arch/arm/lib/built-in.o
                0x0000000017801b88                arch_lmb_reserve
 .text.setup_board_tags
                0x0000000017801ba2        0x2 arch/arm/lib/built-in.o
                0x0000000017801ba2                setup_board_tags
 .text.boot_prep_linux
                0x0000000017801ba4       0xf8 arch/arm/lib/built-in.o
 .text.do_bootm_linux
                0x0000000017801c9c       0x44 arch/arm/lib/built-in.o
                0x0000000017801c9c                do_bootm_linux
 .text.bootz_setup
                0x0000000017801ce0       0x38 arch/arm/lib/built-in.o
                0x0000000017801ce0                bootz_setup
 .text.boot_prep_vxworks
                0x0000000017801d18       0x30 arch/arm/lib/built-in.o
                0x0000000017801d18                boot_prep_vxworks
 .text.boot_jump_vxworks
                0x0000000017801d48        0x6 arch/arm/lib/built-in.o
                0x0000000017801d48                boot_jump_vxworks
 *fill*         0x0000000017801d4e        0x2 
 .text.pl310_background_op_all_ways
                0x0000000017801d50       0x2c arch/arm/lib/built-in.o
 .text.v7_outer_cache_inval_all
                0x0000000017801d7c        0xc arch/arm/lib/built-in.o
                0x0000000017801d7c                v7_outer_cache_inval_all
 .text.v7_outer_cache_flush_all
                0x0000000017801d88        0xc arch/arm/lib/built-in.o
                0x0000000017801d88                v7_outer_cache_flush_all
 .text.v7_outer_cache_flush_range
                0x0000000017801d94       0x20 arch/arm/lib/built-in.o
                0x0000000017801d94                v7_outer_cache_flush_range
 .text.v7_outer_cache_inval_range
                0x0000000017801db4       0x54 arch/arm/lib/built-in.o
                0x0000000017801db4                v7_outer_cache_inval_range
 .text.arch_reserve_stacks
                0x0000000017801e08       0x16 arch/arm/lib/built-in.o
                0x0000000017801e08                arch_reserve_stacks
 *fill*         0x0000000017801e1e        0x2 
 .text.interrupt_init
                0x0000000017801e20       0x14 arch/arm/lib/built-in.o
                0x0000000017801e20                interrupt_init
 .text.enable_interrupts
                0x0000000017801e34        0x2 arch/arm/lib/built-in.o
                0x0000000017801e34                enable_interrupts
 .text.disable_interrupts
                0x0000000017801e36        0x4 arch/arm/lib/built-in.o
                0x0000000017801e36                disable_interrupts
 *fill*         0x0000000017801e3a        0x2 
 .text.bad_mode
                0x0000000017801e3c        0xc arch/arm/lib/built-in.o
                0x0000000017801e3c                bad_mode
 .text.show_regs
                0x0000000017801e48      0x108 arch/arm/lib/built-in.o
                0x0000000017801e48                show_regs
 .text.do_undefined_instruction
                0x0000000017801f50       0x18 arch/arm/lib/built-in.o
                0x0000000017801f50                do_undefined_instruction
 .text.do_software_interrupt
                0x0000000017801f68       0x18 arch/arm/lib/built-in.o
                0x0000000017801f68                do_software_interrupt
 .text.do_prefetch_abort
                0x0000000017801f80       0x18 arch/arm/lib/built-in.o
                0x0000000017801f80                do_prefetch_abort
 .text.do_data_abort
                0x0000000017801f98       0x18 arch/arm/lib/built-in.o
                0x0000000017801f98                do_data_abort
 .text.do_not_used
                0x0000000017801fb0       0x18 arch/arm/lib/built-in.o
                0x0000000017801fb0                do_not_used
 .text.do_fiq   0x0000000017801fc8       0x18 arch/arm/lib/built-in.o
                0x0000000017801fc8                do_fiq
 .text.do_irq   0x0000000017801fe0       0x18 arch/arm/lib/built-in.o
                0x0000000017801fe0                do_irq
 .text.do_reset
                0x0000000017801ff8       0x28 arch/arm/lib/built-in.o
                0x0000000017801ff8                do_reset
 .text.cp_delay
                0x0000000017802020       0x18 arch/arm/lib/built-in.o
 .text.cache_disable
                0x0000000017802038       0x3c arch/arm/lib/built-in.o
 .text.arm_init_domains
                0x0000000017802074        0x2 arch/arm/lib/built-in.o
                0x0000000017802074                arm_init_domains
 .text.set_section_dcache
                0x0000000017802076       0x12 arch/arm/lib/built-in.o
                0x0000000017802076                set_section_dcache
 .text.mmu_set_region_dcache_behaviour
                0x0000000017802088       0x36 arch/arm/lib/built-in.o
                0x0000000017802088                mmu_set_region_dcache_behaviour
 .text.dram_bank_mmu_setup
                0x00000000178020be       0x2a arch/arm/lib/built-in.o
                0x00000000178020be                dram_bank_mmu_setup
 .text.icache_enable
                0x00000000178020e8       0x14 arch/arm/lib/built-in.o
                0x00000000178020e8                icache_enable
 .text.icache_disable
                0x00000000178020fc        0x8 arch/arm/lib/built-in.o
                0x00000000178020fc                icache_disable
 .text.icache_status
                0x0000000017802104        0xa arch/arm/lib/built-in.o
                0x0000000017802104                icache_status
 .text.dcache_enable
                0x000000001780210e       0x5e arch/arm/lib/built-in.o
                0x000000001780210e                dcache_enable
 .text.dcache_disable
                0x000000001780216c        0x6 arch/arm/lib/built-in.o
                0x000000001780216c                dcache_disable
 .text.dcache_status
                0x0000000017802172        0xa arch/arm/lib/built-in.o
                0x0000000017802172                dcache_status
 .text.enable_lvds
                0x000000001780217c       0x44 board/novasomp/built-in.o
 .text.enable_hdmi
                0x00000000178021c0        0x4 board/novasomp/built-in.o
 .text.splash_screen_prepare
                0x00000000178021c4       0xdc board/novasomp/built-in.o
                0x00000000178021c4                splash_screen_prepare
 .text.dram_init
                0x00000000178022a0        0xe board/novasomp/built-in.o
                0x00000000178022a0                dram_init
 *fill*         0x00000000178022ae        0x2 
 .text.board_mmc_getcd
                0x00000000178022b0       0x20 board/novasomp/built-in.o
                0x00000000178022b0                board_mmc_getcd
 .text.board_mmc_init
                0x00000000178022d0       0x5c board/novasomp/built-in.o
                0x00000000178022d0                board_mmc_init
 .text.board_phy_config
                0x000000001780232c        0xe board/novasomp/built-in.o
                0x000000001780232c                board_phy_config
 *fill*         0x000000001780233a        0x2 
 .text.board_eth_init
                0x000000001780233c       0x54 board/novasomp/built-in.o
                0x000000001780233c                board_eth_init
 .text.board_early_init_f
                0x0000000017802390       0x54 board/novasomp/built-in.o
                0x0000000017802390                board_early_init_f
 .text.overwrite_console
                0x00000000178023e4        0x4 board/novasomp/built-in.o
                0x00000000178023e4                overwrite_console
 .text.board_late_init
                0x00000000178023e8       0x5c board/novasomp/built-in.o
                0x00000000178023e8                board_late_init
 .text.board_init
                0x0000000017802444       0x74 board/novasomp/built-in.o
                0x0000000017802444                board_init
 .text.checkboard
                0x00000000178024b8       0x58 board/novasomp/built-in.o
                0x00000000178024b8                checkboard
 .text.show_boot_progress
                0x0000000017802510        0x2 common/built-in.o
                0x0000000017802510                show_boot_progress
 .text.main_loop
                0x0000000017802512       0x1c common/built-in.o
                0x0000000017802512                main_loop
 .text.dummy    0x000000001780252e        0x2 common/built-in.o
 .text.get_version
                0x0000000017802530        0x4 common/built-in.o
                0x0000000017802530                get_version
 .text.jumptable_init
                0x0000000017802534      0x14c common/built-in.o
                0x0000000017802534                jumptable_init
 .text.hash_command
                0x0000000017802680       0x70 common/built-in.o
                0x0000000017802680                hash_command
 .text.b_reset  0x00000000178026f0        0xe common/built-in.o
 .text.static_get
                0x00000000178026fe       0x12 common/built-in.o
 .text.file_peek
                0x0000000017802710        0x6 common/built-in.o
 *fill*         0x0000000017802716        0x2 
 .text.mapset   0x0000000017802718       0x14 common/built-in.o
 .text.syntax_err
                0x000000001780272c        0xc common/built-in.o
 .text.free_pipe_list
                0x0000000017802738       0x96 common/built-in.o
 *fill*         0x00000000178027ce        0x2 
 .text.xmalloc  0x00000000178027d0       0x18 common/built-in.o
 .text.new_pipe
                0x00000000178027e8       0x16 common/built-in.o
 *fill*         0x00000000178027fe        0x2 
 .text.xrealloc
                0x0000000017802800       0x18 common/built-in.o
 .text.done_command
                0x0000000017802818       0x42 common/built-in.o
 .text.done_pipe
                0x000000001780285a       0x2a common/built-in.o
 .text.done_word
                0x0000000017802884      0x1c4 common/built-in.o
 .text.do_showvar
                0x0000000017802a48       0x9c common/built-in.o
 .text.is_assignment
                0x0000000017802ae4       0x2c common/built-in.o
 .text.file_get
                0x0000000017802b10      0x128 common/built-in.o
 .text.b_addchr
                0x0000000017802c38       0x42 common/built-in.o
 *fill*         0x0000000017802c7a        0x2 
 .text.b_addqchr
                0x0000000017802c7c       0x30 common/built-in.o
 .text.static_peek
                0x0000000017802cac        0x6 common/built-in.o
 *fill*         0x0000000017802cb2        0x2 
 .text.get_local_var
                0x0000000017802cb4       0x58 common/built-in.o
                0x0000000017802cb4                get_local_var
 .text.set_local_var
                0x0000000017802d0c      0x10c common/built-in.o
                0x0000000017802d0c                set_local_var
 .text.insert_var_value_sub
                0x0000000017802e18      0x1c0 common/built-in.o
 .text.parse_string_outer
                0x0000000017802fd8       0x94 common/built-in.o
                0x0000000017802fd8                parse_string_outer
 .text.run_list_real
                0x000000001780306c      0x4d8 common/built-in.o
 .text.parse_stream_outer
                0x0000000017803544      0x43c common/built-in.o
 .text.parse_file_outer
                0x0000000017803980       0x2c common/built-in.o
                0x0000000017803980                parse_file_outer
 .text.u_boot_hush_start
                0x00000000178039ac       0x30 common/built-in.o
                0x00000000178039ac                u_boot_hush_start
 .text.bootdelay_process
                0x00000000178039dc       0x94 common/built-in.o
                0x00000000178039dc                bootdelay_process
 .text.autoboot_command
                0x0000000017803a70       0x84 common/built-in.o
                0x0000000017803a70                autoboot_command
 .text.setup_mon_len
                0x0000000017803af4       0x18 common/built-in.o
 .text.reserve_round_4k
                0x0000000017803b0c       0x14 common/built-in.o
 .text.reserve_mmu
                0x0000000017803b20       0x2e common/built-in.o
 .text.reserve_uboot
                0x0000000017803b4e       0x2a common/built-in.o
 .text.reserve_malloc
                0x0000000017803b78       0x10 common/built-in.o
 .text.setup_machine
                0x0000000017803b88        0xe common/built-in.o
 .text.reserve_global_data
                0x0000000017803b96       0x16 common/built-in.o
 .text.reserve_fdt
                0x0000000017803bac       0x3a common/built-in.o
 .text.display_new_sp
                0x0000000017803be6        0x4 common/built-in.o
 .text.initf_malloc
                0x0000000017803bea       0x18 common/built-in.o
 .text.reserve_arch
                0x0000000017803c02        0x4 common/built-in.o
                0x0000000017803c02                reserve_arch
 .text.setup_reloc
                0x0000000017803c06       0x1e common/built-in.o
 .text.reloc_fdt
                0x0000000017803c24       0x24 common/built-in.o
 .text.announce_dram_init
                0x0000000017803c48       0x10 common/built-in.o
 .text.init_func_i2c
                0x0000000017803c58       0x20 common/built-in.o
 .text.init_baud_rate
                0x0000000017803c78       0x1c common/built-in.o
 .text.initf_dm
                0x0000000017803c94        0x6 common/built-in.o
 .text.mark_bootstage
                0x0000000017803c9a        0xc common/built-in.o
 .text.reserve_board
                0x0000000017803ca6       0x28 common/built-in.o
 .text.display_text_info
                0x0000000017803cce        0x4 common/built-in.o
 .text.setup_fdt
                0x0000000017803cd2        0x4 common/built-in.o
 .text.reserve_trace
                0x0000000017803cd6        0x4 common/built-in.o
 .text.coloured_LED_init
                0x0000000017803cda        0x2 common/built-in.o
                0x0000000017803cda                coloured_LED_init
 .text.red_led_on
                0x0000000017803cdc        0x2 common/built-in.o
                0x0000000017803cdc                red_led_on
 .text.board_add_ram_info
                0x0000000017803cde        0x2 common/built-in.o
                0x0000000017803cde                board_add_ram_info
 .text.show_dram_config
                0x0000000017803ce0       0x28 common/built-in.o
 .text.dram_init_banksize
                0x0000000017803d08       0x18 common/built-in.o
                0x0000000017803d08                dram_init_banksize
 .text.setup_dram_config
                0x0000000017803d20        0xa common/built-in.o
 .text.board_get_usable_ram_top
                0x0000000017803d2a       0x12 common/built-in.o
                0x0000000017803d2a                board_get_usable_ram_top
 .text.setup_dest_addr
                0x0000000017803d3c       0x30 common/built-in.o
 .text.reserve_stacks
                0x0000000017803d6c       0x1a common/built-in.o
 *fill*         0x0000000017803d86        0x2 
 .text.board_init_f
                0x0000000017803d88       0x20 common/built-in.o
                0x0000000017803d88                board_init_f
 .text.bootstage_relocate
                0x0000000017803da8        0x4 common/built-in.o
 .text.initr_reloc_global_data
                0x0000000017803dac       0x1c common/built-in.o
 .text.power_init_board
                0x0000000017803dc8        0x4 common/built-in.o
                0x0000000017803dc8                power_init_board
 .text.initr_announce
                0x0000000017803dcc        0x4 common/built-in.o
 .text.run_main_loop
                0x0000000017803dd0        0x8 common/built-in.o
 .text.initr_net
                0x0000000017803dd8       0x18 common/built-in.o
 .text.initr_ethaddr
                0x0000000017803df0       0x18 common/built-in.o
 .text.initr_enable_interrupts
                0x0000000017803e08        0xa common/built-in.o
 .text.initr_jumptable
                0x0000000017803e12        0xa common/built-in.o
 .text.initr_env
                0x0000000017803e1c       0x20 common/built-in.o
 .text.initr_mmc
                0x0000000017803e3c       0x18 common/built-in.o
 .text.initr_serial
                0x0000000017803e54        0xa common/built-in.o
 .text.initr_dm
                0x0000000017803e5e       0x12 common/built-in.o
 .text.initr_malloc
                0x0000000017803e70       0x16 common/built-in.o
 .text.initr_caches
                0x0000000017803e86        0xa common/built-in.o
 .text.initr_reloc
                0x0000000017803e90       0x1c common/built-in.o
 .text.initr_barrier
                0x0000000017803eac        0x4 common/built-in.o
 .text.initr_trace
                0x0000000017803eb0        0x4 common/built-in.o
 .text.cpu_secondary_init_r
                0x0000000017803eb4        0x2 common/built-in.o
                0x0000000017803eb4                cpu_secondary_init_r
 .text.initr_secondary_cpu
                0x0000000017803eb6        0xa common/built-in.o
 .text.board_init_r
                0x0000000017803ec0       0x10 common/built-in.o
                0x0000000017803ec0                board_init_r
 .text.show_board_info
                0x0000000017803ed0        0x4 common/built-in.o
                0x0000000017803ed0                show_board_info
 .text.do_go_exec
                0x0000000017803ed4        0x8 common/built-in.o
                0x0000000017803ed4                do_go_exec
 .text.do_go    0x0000000017803edc       0x4c common/built-in.o
 .text.do_bootm
                0x0000000017803f28       0xa4 common/built-in.o
                0x0000000017803f28                do_bootm
 .text.do_bootd
                0x0000000017803fcc       0x18 common/built-in.o
                0x0000000017803fcc                do_bootd
 .text.image_info
                0x0000000017803fe4       0x8c common/built-in.o
 .text.do_iminfo
                0x0000000017804070       0x40 common/built-in.o
 .text.bootm_maybe_autostart
                0x00000000178040b0       0x4c common/built-in.o
                0x00000000178040b0                bootm_maybe_autostart
 .text.do_bootz
                0x00000000178040fc       0x98 common/built-in.o
                0x00000000178040fc                do_bootz
 .text.bootm_find_ramdisk_fdt
                0x0000000017804194       0x6c common/built-in.o
                0x0000000017804194                bootm_find_ramdisk_fdt
 .text.bootm_decomp_image
                0x0000000017804200       0xe8 common/built-in.o
                0x0000000017804200                bootm_decomp_image
 .text.bootm_disable_interrupts
                0x00000000178042e8       0x10 common/built-in.o
                0x00000000178042e8                bootm_disable_interrupts
 .text.do_bootm_states
                0x00000000178042f8      0x504 common/built-in.o
                0x00000000178042f8                do_bootm_states
 .text.copy_args
                0x00000000178047fc       0x36 common/built-in.o
 *fill*         0x0000000017804832        0x2 
 .text.do_bootm_rtems
                0x0000000017804834       0x2c common/built-in.o
 .text.do_bootm_plan9
                0x0000000017804860       0x68 common/built-in.o
 .text.do_bootm_standalone
                0x00000000178048c8       0x3c common/built-in.o
 .text.do_bootm_netbsd
                0x0000000017804904       0xa4 common/built-in.o
 .text.do_bootvx_fdt
                0x00000000178049a8       0xb4 common/built-in.o
                0x00000000178049a8                do_bootvx_fdt
 .text.do_bootm_vxworks
                0x0000000017804a5c       0x16 common/built-in.o
 .text.boot_selected_os
                0x0000000017804a72       0x3a common/built-in.o
                0x0000000017804a72                boot_selected_os
 .text.bootm_os_get_boot_func
                0x0000000017804aac        0xc common/built-in.o
                0x0000000017804aac                bootm_os_get_boot_func
 .text.do_help  0x0000000017804ab8       0x2c common/built-in.o
 .text.do_version
                0x0000000017804ae4       0x2c common/built-in.o
 .text.env_attr_walk
                0x0000000017804b10       0xba common/built-in.o
                0x0000000017804b10                env_attr_walk
 *fill*         0x0000000017804bca        0x2 
 .text.env_attr_lookup
                0x0000000017804bcc       0xf0 common/built-in.o
                0x0000000017804bcc                env_attr_lookup
 .text.clear_callback
                0x0000000017804cbc        0x8 common/built-in.o
 .text.find_env_callback
                0x0000000017804cc4       0x3c common/built-in.o
 .text.on_callbacks
                0x0000000017804d00       0x34 common/built-in.o
 .text.set_callback
                0x0000000017804d34       0x50 common/built-in.o
 .text.env_callback_init
                0x0000000017804d84       0x78 common/built-in.o
                0x0000000017804d84                env_callback_init
 .text.skip_num
                0x0000000017804dfc       0x44 common/built-in.o
 .text.clear_flags
                0x0000000017804e40        0x8 common/built-in.o
 .text.on_flags
                0x0000000017804e48       0x34 common/built-in.o
 .text.env_flags_parse_vartype
                0x0000000017804e7c       0x30 common/built-in.o
                0x0000000017804e7c                env_flags_parse_vartype
 .text.env_flags_parse_varaccess
                0x0000000017804eac       0x38 common/built-in.o
                0x0000000017804eac                env_flags_parse_varaccess
 .text.set_flags
                0x0000000017804ee4       0x64 common/built-in.o
 .text.env_flags_init
                0x0000000017804f48       0x90 common/built-in.o
                0x0000000017804f48                env_flags_init
 .text.env_flags_validate
                0x0000000017804fd8      0x204 common/built-in.o
                0x0000000017804fd8                env_flags_validate
 .text.init_mmc_for_env
                0x00000000178051dc       0x24 common/built-in.o
 .text.mmc_get_env_addr
                0x0000000017805200        0xa common/built-in.o
                0x0000000017805200                mmc_get_env_addr
 .text.mmc_get_env_devno
                0x000000001780520a        0x4 common/built-in.o
                0x000000001780520a                mmc_get_env_devno
 *fill*         0x000000001780520e        0x2 
 .text.env_init
                0x0000000017805210       0x14 common/built-in.o
                0x0000000017805210                env_init
 .text.saveenv  0x0000000017805224       0xb4 common/built-in.o
                0x0000000017805224                saveenv
 .text.env_relocate_spec
                0x00000000178052d8       0x8c common/built-in.o
                0x00000000178052d8                env_relocate_spec
 .text.source   0x0000000017805364       0x90 common/built-in.o
                0x0000000017805364                source
 .text.do_source
                0x00000000178053f4       0x30 common/built-in.o
 .text.print_num
                0x0000000017805424       0x10 common/built-in.o
 .text.do_bdinfo
                0x0000000017805434      0x12c common/built-in.o
 .text.do_bmp   0x0000000017805560       0x38 common/built-in.o
 .text.gunzip_bmp
                0x0000000017805598       0x74 common/built-in.o
                0x0000000017805598                gunzip_bmp
 .text.do_bmp_info
                0x000000001780560c       0xc4 common/built-in.o
 .text.bmp_display
                0x00000000178056d0       0x4c common/built-in.o
                0x00000000178056d0                bmp_display
 .text.do_bmp_display
                0x000000001780571c       0x74 common/built-in.o
 .text.parse_argv
                0x0000000017805790       0x3c common/built-in.o
 .text.do_icache
                0x00000000178057cc       0x5c common/built-in.o
 .text.do_dcache
                0x0000000017805828       0x5c common/built-in.o
 .text.do_coninfo
                0x0000000017805884       0x90 common/built-in.o
 .text.do_echo  0x0000000017805914       0x70 common/built-in.o
 .text.do_exit  0x0000000017805984       0x1e common/built-in.o
 .text.do_ext2load
                0x00000000178059a2        0xe common/built-in.o
                0x00000000178059a2                do_ext2load
 .text.do_ext2ls
                0x00000000178059b0        0xe common/built-in.o
 .text.do_fat_size
                0x00000000178059be        0xe common/built-in.o
                0x00000000178059be                do_fat_size
 .text.do_fat_fsload
                0x00000000178059cc        0xe common/built-in.o
                0x00000000178059cc                do_fat_fsload
 .text.do_fat_ls
                0x00000000178059da        0xe common/built-in.o
 .text.do_fat_fsinfo
                0x00000000178059e8       0x58 common/built-in.o
 .text.fdt_valid
                0x0000000017805a40       0x74 common/built-in.o
 .text.is_printable_string
                0x0000000017805ab4       0x48 common/built-in.o
 .text.print_data
                0x0000000017805afc      0x104 common/built-in.o
 .text.set_working_fdt_addr
                0x0000000017805c00       0x14 common/built-in.o
                0x0000000017805c00                set_working_fdt_addr
 .text.do_fdt   0x0000000017805c14      0x96c common/built-in.o
 .text.fdt_find_and_setprop
                0x0000000017806580       0x48 common/built-in.o
                0x0000000017806580                fdt_find_and_setprop
 .text.fdt_find_or_add_subnode
                0x00000000178065c8       0x40 common/built-in.o
                0x00000000178065c8                fdt_find_or_add_subnode
 .text.fdt_initrd
                0x0000000017806608      0x12c common/built-in.o
                0x0000000017806608                fdt_initrd
 .text.fdt_chosen
                0x0000000017806734       0x6c common/built-in.o
                0x0000000017806734                fdt_chosen
 .text.do_fixup_by_path
                0x00000000178067a0       0x34 common/built-in.o
                0x00000000178067a0                do_fixup_by_path
 .text.fdt_fixup_memory_banks
                0x00000000178067d4      0x124 common/built-in.o
                0x00000000178067d4                fdt_fixup_memory_banks
 .text.fdt_fixup_memory
                0x00000000178068f8       0x16 common/built-in.o
                0x00000000178068f8                fdt_fixup_memory
 *fill*         0x000000001780690e        0x2 
 .text.fdt_fixup_ethernet
                0x0000000017806910       0xe4 common/built-in.o
                0x0000000017806910                fdt_fixup_ethernet
 .text.fdt_shrink_to_minimum
                0x00000000178069f4       0x84 common/built-in.o
                0x00000000178069f4                fdt_shrink_to_minimum
 .text.do_flerase
                0x0000000017806a78        0x4 common/built-in.o
 .text.do_protect
                0x0000000017806a7c        0xc common/built-in.o
 .text.do_flinfo
                0x0000000017806a88        0x4 common/built-in.o
 .text.strtou32
                0x0000000017806a8c       0x2c common/built-in.o
 .text.do_fuse  0x0000000017806ab8      0x228 common/built-in.o
 .text.do_i2c   0x0000000017806ce0       0x3c common/built-in.o
 .text.do_i2c_reset
                0x0000000017806d1c       0x20 common/built-in.o
 .text.do_i2c_probe
                0x0000000017806d3c       0x58 common/built-in.o
 .text.do_i2c_bus_speed
                0x0000000017806d94       0x4c common/built-in.o
 .text.do_i2c_show_bus
                0x0000000017806de0       0x88 common/built-in.o
 .text.do_i2c_bus_num
                0x0000000017806e68       0x7c common/built-in.o
 .text.get_alen.constprop.7
                0x0000000017806ee4       0x1c common/built-in.o
 .text.do_i2c_crc
                0x0000000017806f00       0xb8 common/built-in.o
 .text.mod_i2c_mem.isra.4
                0x0000000017806fb8      0x148 common/built-in.o
 .text.do_i2c_nm
                0x0000000017807100        0x6 common/built-in.o
 .text.do_i2c_mm
                0x0000000017807106        0x6 common/built-in.o
 .text.do_i2c_md
                0x000000001780710c      0x13c common/built-in.o
 .text.do_i2c_read
                0x0000000017807248       0x78 common/built-in.o
 .text.do_i2c_mw
                0x00000000178072c0       0xa4 common/built-in.o
 .text.do_i2c_write
                0x0000000017807364       0xdc common/built-in.o
 .text.do_i2c_loop
                0x0000000017807440       0x94 common/built-in.o
 .text.i2c_init_board
                0x00000000178074d4        0x2 common/built-in.o
                0x00000000178074d4                i2c_init_board
 .text.evalexp  0x00000000178074d6       0x44 common/built-in.o
 .text.evalstr  0x000000001780751a       0x3c common/built-in.o
 *fill*         0x0000000017807556        0x2 
 .text.binary_test
                0x0000000017807558      0x128 common/built-in.o
 .text.do_itest
                0x0000000017807680       0x4c common/built-in.o
 .text.bin_data_init
                0x00000000178076cc       0x1c common/built-in.o
 .text.k_data_save
                0x00000000178076e8       0x34 common/built-in.o
 .text.k_data_restore
                0x000000001780771c       0x34 common/built-in.o
 .text.getcxmodem
                0x0000000017807750       0x16 common/built-in.o
 *fill*         0x0000000017807766        0x2 
 .text.load_serial_ymodem
                0x0000000017807768       0x88 common/built-in.o
 .text.bin_data_char
                0x00000000178077f0       0x1c common/built-in.o
 .text.chk1.constprop.1
                0x000000001780780c       0x20 common/built-in.o
 .text.s1_sendpacket.constprop.2
                0x000000001780782c       0x34 common/built-in.o
 .text.load_serial
                0x0000000017807860      0x134 common/built-in.o
 .text.do_load_serial
                0x0000000017807994       0x90 common/built-in.o
 .text.do_load_serial_bin
                0x0000000017807a24      0x55c common/built-in.o
 .text.do_mem_mw
                0x0000000017807f80       0x80 common/built-in.o
 .text.do_mem_loop
                0x0000000017808000       0x82 common/built-in.o
 *fill*         0x0000000017808082        0x2 
 .text.do_mem_md
                0x0000000017808084       0xa0 common/built-in.o
 .text.do_mem_cmp
                0x0000000017808124       0xf0 common/built-in.o
 .text.do_mem_base
                0x0000000017808214       0x28 common/built-in.o
 .text.do_mem_cp
                0x000000001780823c       0x84 common/built-in.o
 .text.do_mem_crc
                0x00000000178082c0       0x2c common/built-in.o
 .text.mod_mem.isra.0
                0x00000000178082ec       0xe4 common/built-in.o
 .text.do_mem_mm
                0x00000000178083d0        0x6 common/built-in.o
 .text.do_mem_nm
                0x00000000178083d6        0x6 common/built-in.o
 .text.miiphy_get_dev_by_name
                0x00000000178083dc       0x38 common/built-in.o
                0x00000000178083dc                miiphy_get_dev_by_name
 .text.miiphy_init
                0x0000000017808414       0x18 common/built-in.o
                0x0000000017808414                miiphy_init
 .text.mdio_alloc
                0x000000001780842c       0x1c common/built-in.o
                0x000000001780842c                mdio_alloc
 .text.mdio_register
                0x0000000017808448       0x50 common/built-in.o
                0x0000000017808448                mdio_register
 .text.mdio_list_devices
                0x0000000017808498       0x64 common/built-in.o
                0x0000000017808498                mdio_list_devices
 .text.miiphy_set_current_dev
                0x00000000178084fc       0x28 common/built-in.o
                0x00000000178084fc                miiphy_set_current_dev
 .text.miiphy_get_active_dev
                0x0000000017808524       0x30 common/built-in.o
 .text.mdio_get_current_dev
                0x0000000017808554        0xc common/built-in.o
                0x0000000017808554                mdio_get_current_dev
 .text.mdio_phydev_for_ethname
                0x0000000017808560       0x54 common/built-in.o
                0x0000000017808560                mdio_phydev_for_ethname
 .text.miiphy_get_current_dev
                0x00000000178085b4       0x10 common/built-in.o
                0x00000000178085b4                miiphy_get_current_dev
 .text.miiphy_read
                0x00000000178085c4       0x28 common/built-in.o
                0x00000000178085c4                miiphy_read
 .text.miiphy_write
                0x00000000178085ec       0x24 common/built-in.o
                0x00000000178085ec                miiphy_write
 .text.miiphy_listdev
                0x0000000017808610       0x54 common/built-in.o
                0x0000000017808610                miiphy_listdev
 .text.miiphy_info
                0x0000000017808664       0x5c common/built-in.o
                0x0000000017808664                miiphy_info
 .text.miiphy_speed
                0x00000000178086c0       0x60 common/built-in.o
                0x00000000178086c0                miiphy_speed
 .text.miiphy_duplex
                0x0000000017808720       0x60 common/built-in.o
                0x0000000017808720                miiphy_duplex
 .text.miiphy_is_1000base_x
                0x0000000017808780        0x4 common/built-in.o
                0x0000000017808780                miiphy_is_1000base_x
 .text.extract_range
                0x0000000017808784       0x7c common/built-in.o
 .text.do_mii   0x0000000017808800      0x540 common/built-in.o
 .text.do_mdio  0x0000000017808d40      0x320 common/built-in.o
 .text.do_sleep
                0x0000000017809060       0x46 common/built-in.o
 *fill*         0x00000000178090a6        0x2 
 .text.do_mmcops
                0x00000000178090a8       0x7c common/built-in.o
 .text.init_mmc_device
                0x0000000017809124       0x34 common/built-in.o
 .text.do_mmc_rescan
                0x0000000017809158       0x18 common/built-in.o
 .text.do_mmc_hwpartition
                0x0000000017809170      0x38c common/built-in.o
 .text.do_mmc_list
                0x00000000178094fc        0xc common/built-in.o
 .text.do_mmc_dev
                0x0000000017809508       0xc4 common/built-in.o
 .text.do_mmc_part
                0x00000000178095cc       0x38 common/built-in.o
 .text.do_mmc_erase
                0x0000000017809604       0xa0 common/built-in.o
 .text.do_mmc_write
                0x00000000178096a4       0xac common/built-in.o
 .text.do_mmc_read
                0x0000000017809750       0xa0 common/built-in.o
 .text.do_mmcinfo
                0x00000000178097f0      0x298 common/built-in.o
 .text.do_mmc_setdsr
                0x0000000017809a88       0x74 common/built-in.o
 .text.cpu_cmd  0x0000000017809afc       0xb0 common/built-in.o
 .text.netboot_common
                0x0000000017809bac      0x1ac common/built-in.o
 .text.do_bootp
                0x0000000017809d58        0x8 common/built-in.o
 .text.do_dhcp  0x0000000017809d60        0x8 common/built-in.o
 .text.do_nfs   0x0000000017809d68        0x8 common/built-in.o
 .text.do_tftpb
                0x0000000017809d70       0x26 common/built-in.o
                0x0000000017809d70                do_tftpb
 *fill*         0x0000000017809d96        0x2 
 .text.do_ping  0x0000000017809d98       0x48 common/built-in.o
 .text.__sata_initialize
                0x0000000017809de0       0x68 common/built-in.o
                0x0000000017809de0                sata_initialize
                0x0000000017809de0                __sata_initialize
 .text.__sata_stop
                0x0000000017809e48       0x1c common/built-in.o
                0x0000000017809e48                __sata_stop
                0x0000000017809e48                sata_stop
 .text.do_sata  0x0000000017809e64      0x29c common/built-in.o
 .text.sata_get_dev
                0x000000001780a100       0x14 common/built-in.o
                0x000000001780a100                sata_get_dev
 .text.get_arg  0x000000001780a114       0x32 common/built-in.o
 *fill*         0x000000001780a146        0x2 
 .text.do_setexpr
                0x000000001780a148       0xb4 common/built-in.o
 .text.do_false
                0x000000001780a1fc        0x4 common/built-in.o
 .text.do_true  0x000000001780a200        0x4 common/built-in.o
 .text.do_test  0x000000001780a204      0x208 common/built-in.o
 .text.usb_get_class_desc
                0x000000001780a40c       0x74 common/built-in.o
 .text.usb_display_class_sub
                0x000000001780a480       0xf4 common/built-in.o
 .text.usb_find_device
                0x000000001780a574       0x1e common/built-in.o
 *fill*         0x000000001780a592        0x2 
 .text.usb_show_tree_graph
                0x000000001780a594      0x178 common/built-in.o
 .text.usb_display_string
                0x000000001780a70c       0x2c common/built-in.o
 .text.usb_display_config
                0x000000001780a738      0x1a8 common/built-in.o
 .text.do_usbboot
                0x000000001780a8e0        0xc common/built-in.o
 .text.do_usb_start
                0x000000001780a8ec       0x20 common/built-in.o
 .text.usb_display_desc.part.2
                0x000000001780a90c       0xd0 common/built-in.o
 .text.do_usb   0x000000001780a9dc      0x4e8 common/built-in.o
 .text.usb_set_maxpacket_ep
                0x000000001780aec4       0x54 common/built-in.o
 .text.usb_stop
                0x000000001780af18       0x48 common/built-in.o
                0x000000001780af18                usb_stop
 .text.usb_disable_asynch
                0x000000001780af60       0x14 common/built-in.o
                0x000000001780af60                usb_disable_asynch
 .text.usb_control_msg
                0x000000001780af74       0x78 common/built-in.o
                0x000000001780af74                usb_control_msg
 .text.usb_get_descriptor
                0x000000001780afec       0x38 common/built-in.o
 .text.usb_get_string
                0x000000001780b024       0x50 common/built-in.o
 .text.usb_string_sub
                0x000000001780b074       0x94 common/built-in.o
 .text.usb_bulk_msg
                0x000000001780b108       0x48 common/built-in.o
                0x000000001780b108                usb_bulk_msg
 .text.usb_maxpacket
                0x000000001780b150       0x1a common/built-in.o
                0x000000001780b150                usb_maxpacket
 .text.usb_clear_halt
                0x000000001780b16a       0x5c common/built-in.o
                0x000000001780b16a                usb_clear_halt
 *fill*         0x000000001780b1c6        0x2 
 .text.usb_get_configuration_no
                0x000000001780b1c8       0x78 common/built-in.o
                0x000000001780b1c8                usb_get_configuration_no
 .text.usb_set_interface
                0x000000001780b240       0x6c common/built-in.o
                0x000000001780b240                usb_set_interface
 .text.usb_string
                0x000000001780b2ac       0x9c common/built-in.o
                0x000000001780b2ac                usb_string
 .text.usb_get_dev_index
                0x000000001780b348       0x18 common/built-in.o
                0x000000001780b348                usb_get_dev_index
 .text.usb_alloc_new_device
                0x000000001780b360       0x60 common/built-in.o
                0x000000001780b360                usb_alloc_new_device
 .text.usb_free_device
                0x000000001780b3c0       0x30 common/built-in.o
                0x000000001780b3c0                usb_free_device
 .text.usb_alloc_device
                0x000000001780b3f0        0x4 common/built-in.o
                0x000000001780b3f0                usb_alloc_device
 .text.usb_new_device
                0x000000001780b3f4      0x3fc common/built-in.o
                0x000000001780b3f4                usb_new_device
 .text.usb_init
                0x000000001780b7f0       0xe0 common/built-in.o
                0x000000001780b7f0                usb_init
 .text.usb_set_port_feature
                0x000000001780b8d0       0x2e common/built-in.o
 .text.usb_hub_power_on
                0x000000001780b8fe       0x2e common/built-in.o
 .text.usb_get_port_status
                0x000000001780b92c       0x30 common/built-in.o
 .text.usb_clear_port_feature
                0x000000001780b95c       0x2e common/built-in.o
 .text.usb_get_hub_descriptor
                0x000000001780b98a       0x34 common/built-in.o
 .text.usb_hub_reset_devices
                0x000000001780b9be        0x2 common/built-in.o
                0x000000001780b9be                usb_hub_reset_devices
 .text.usb_hub_reset
                0x000000001780b9c0        0xc common/built-in.o
                0x000000001780b9c0                usb_hub_reset
 .text.hub_port_reset
                0x000000001780b9cc       0x66 common/built-in.o
                0x000000001780b9cc                hub_port_reset
 *fill*         0x000000001780ba32        0x2 
 .text.usb_hub_port_connect_change
                0x000000001780ba34       0xd0 common/built-in.o
                0x000000001780ba34                usb_hub_port_connect_change
 .text.usb_hub_configure
                0x000000001780bb04      0x1ec common/built-in.o
 .text.usb_hub_probe
                0x000000001780bcf0       0x3a common/built-in.o
                0x000000001780bcf0                usb_hub_probe
 .text.usb_stor_irq
                0x000000001780bd2a       0x10 common/built-in.o
 .text.usb_stor_BBB_reset
                0x000000001780bd3a       0x8e common/built-in.o
 .text.usb_stor_CB_reset
                0x000000001780bdc8       0x8e common/built-in.o
 .text.usb_stor_BBB_clear_endpt_stall.isra.2
                0x000000001780be56       0x2c common/built-in.o
 *fill*         0x000000001780be82        0x2 
 .text.usb_stor_BBB_transport
                0x000000001780be84      0x19c common/built-in.o
 .text.usb_stor_CB_comdat
                0x000000001780c020      0x15c common/built-in.o
 .text.usb_stor_CBI_get_status.isra.4
                0x000000001780c17c       0x7c common/built-in.o
 .text.usb_stor_CB_transport
                0x000000001780c1f8      0x158 common/built-in.o
 .text.usb_request_sense.constprop.10
                0x000000001780c350       0x44 common/built-in.o
 .text.usb_stor_write
                0x000000001780c394      0x124 common/built-in.o
                0x000000001780c394                usb_stor_write
 .text.usb_stor_read
                0x000000001780c4b8      0x124 common/built-in.o
                0x000000001780c4b8                usb_stor_read
 .text.usb_stor_get_dev
                0x000000001780c5dc       0x1c common/built-in.o
                0x000000001780c5dc                usb_stor_get_dev
 .text.usb_stor_info
                0x000000001780c5f8       0x4c common/built-in.o
                0x000000001780c5f8                usb_stor_info
 .text.usb_storage_probe
                0x000000001780c644      0x15c common/built-in.o
                0x000000001780c644                usb_storage_probe
 .text.usb_stor_get_info
                0x000000001780c7a0      0x220 common/built-in.o
                0x000000001780c7a0                usb_stor_get_info
 .text.usb_stor_scan
                0x000000001780c9c0      0x14c common/built-in.o
                0x000000001780c9c0                usb_stor_scan
 .text.do_imgextract
                0x000000001780cb0c      0x1b8 common/built-in.o
 .text.splash_get_pos
                0x000000001780ccc4       0x54 common/built-in.o
                0x000000001780ccc4                splash_get_pos
 .text.do_env_delete
                0x000000001780cd18       0x60 common/built-in.o
 .text.do_env_exists
                0x000000001780cd78       0x40 common/built-in.o
 .text.do_env_save
                0x000000001780cdb8       0x20 common/built-in.o
 .text.do_env   0x000000001780cdd8       0x3c common/built-in.o
 .text.env_print
                0x000000001780ce14       0x74 common/built-in.o
 .text.do_env_print
                0x000000001780ce88       0x70 common/built-in.o
 .text.do_env_import
                0x000000001780cef8      0x190 common/built-in.o
 .text.do_env_default
                0x000000001780d088       0x54 common/built-in.o
 .text._do_env_set.isra.0
                0x000000001780d0dc      0x128 common/built-in.o
 .text.do_env_set
                0x000000001780d204       0x12 common/built-in.o
 *fill*         0x000000001780d216        0x2 
 .text.get_env_id
                0x000000001780d218        0xc common/built-in.o
                0x000000001780d218                get_env_id
 .text.setenv   0x000000001780d224       0x38 common/built-in.o
                0x000000001780d224                setenv
 .text.setenv_ulong
                0x000000001780d25c       0x16 common/built-in.o
                0x000000001780d25c                setenv_ulong
 *fill*         0x000000001780d272        0x2 
 .text.setenv_hex
                0x000000001780d274       0x20 common/built-in.o
                0x000000001780d274                setenv_hex
 .text.do_env_export
                0x000000001780d294      0x16c common/built-in.o
 .text.envmatch
                0x000000001780d400       0x3c common/built-in.o
                0x000000001780d400                envmatch
 .text.getenv_f
                0x000000001780d43c       0x7c common/built-in.o
                0x000000001780d43c                getenv_f
 .text.getenv   0x000000001780d4b8       0x50 common/built-in.o
                0x000000001780d4b8                getenv
 .text.getenv_hex
                0x000000001780d508       0x22 common/built-in.o
                0x000000001780d508                getenv_hex
 .text.getenv_ulong
                0x000000001780d52a       0x1c common/built-in.o
                0x000000001780d52a                getenv_ulong
 *fill*         0x000000001780d546        0x2 
 .text.do_env_edit
                0x000000001780d548       0x50 common/built-in.o
 .text.env_get_char_spec
                0x000000001780d598        0x8 common/built-in.o
                0x000000001780d598                env_get_char_spec
 .text.env_get_addr
                0x000000001780d5a0       0x18 common/built-in.o
                0x000000001780d5a0                env_get_addr
 .text.env_get_char_memory
                0x000000001780d5b8        0xa common/built-in.o
                0x000000001780d5b8                env_get_char_memory
 *fill*         0x000000001780d5c2        0x2 
 .text.env_get_char
                0x000000001780d5c4       0x20 common/built-in.o
                0x000000001780d5c4                env_get_char
 .text.getenv_yesno
                0x000000001780d5e4       0x2a common/built-in.o
                0x000000001780d5e4                getenv_yesno
 .text.getenv_default
                0x000000001780d60e       0x2a common/built-in.o
                0x000000001780d60e                getenv_default
 .text.set_default_env
                0x000000001780d638       0x80 common/built-in.o
                0x000000001780d638                set_default_env
 .text.set_default_vars
                0x000000001780d6b8       0x28 common/built-in.o
                0x000000001780d6b8                set_default_vars
 .text.env_import
                0x000000001780d6e0       0x94 common/built-in.o
                0x000000001780d6e0                env_import
 .text.env_export
                0x000000001780d774       0x64 common/built-in.o
                0x000000001780d774                env_export
 .text.env_relocate
                0x000000001780d7d8       0x28 common/built-in.o
                0x000000001780d7d8                env_relocate
 .text.env_complete
                0x000000001780d800       0x90 common/built-in.o
                0x000000001780d800                env_complete
 .text.console_setfile
                0x000000001780d890       0x74 common/built-in.o
 .text.serial_printf
                0x000000001780d904       0x28 common/built-in.o
                0x000000001780d904                serial_printf
 .text.putc     0x000000001780d92c       0x24 common/built-in.o
                0x000000001780d92c                putc
 .text.puts     0x000000001780d950       0x24 common/built-in.o
                0x000000001780d950                puts
 .text.printf   0x000000001780d974       0x2c common/built-in.o
                0x000000001780d974                printf
 .text.fgetc    0x000000001780d9a0       0x18 common/built-in.o
                0x000000001780d9a0                fgetc
 .text.getc     0x000000001780d9b8       0x1a common/built-in.o
                0x000000001780d9b8                getc
 *fill*         0x000000001780d9d2        0x2 
 .text.ftstc    0x000000001780d9d4       0x18 common/built-in.o
                0x000000001780d9d4                ftstc
 .text.tstc     0x000000001780d9ec       0x1a common/built-in.o
                0x000000001780d9ec                tstc
 .text.vprintf  0x000000001780da06       0x1c common/built-in.o
                0x000000001780da06                vprintf
 *fill*         0x000000001780da22        0x2 
 .text.ctrlc    0x000000001780da24       0x38 common/built-in.o
                0x000000001780da24                ctrlc
 .text.confirm_yesno
                0x000000001780da5c       0x84 common/built-in.o
                0x000000001780da5c                confirm_yesno
 .text.had_ctrlc
                0x000000001780dae0        0xc common/built-in.o
                0x000000001780dae0                had_ctrlc
 .text.clear_ctrlc
                0x000000001780daec        0xc common/built-in.o
                0x000000001780daec                clear_ctrlc
 .text.search_device
                0x000000001780daf8       0x16 common/built-in.o
                0x000000001780daf8                search_device
 .text.console_assign
                0x000000001780db0e       0x2a common/built-in.o
                0x000000001780db0e                console_assign
 .text.on_console
                0x000000001780db38       0x70 common/built-in.o
 .text.console_init_f
                0x000000001780dba8        0xa common/built-in.o
                0x000000001780dba8                console_init_f
 *fill*         0x000000001780dbb2        0x2 
 .text.stdio_print_current_devices
                0x000000001780dbb4       0x78 common/built-in.o
                0x000000001780dbb4                stdio_print_current_devices
 .text.console_init_r
                0x000000001780dc2c      0x100 common/built-in.o
                0x000000001780dc2c                console_init_r
 .text.sbrk     0x000000001780dd2c       0x44 common/built-in.o
                0x000000001780dd2c                sbrk
 .text.mem_malloc_init
                0x000000001780dd70       0x28 common/built-in.o
                0x000000001780dd70                mem_malloc_init
 .text.malloc_trim
                0x000000001780dd98       0x80 common/built-in.o
                0x000000001780dd98                malloc_trim
 .text.free     0x000000001780de18      0x16c common/built-in.o
                0x000000001780de18                free
 .text.malloc   0x000000001780df84      0x420 common/built-in.o
                0x000000001780df84                malloc
 .text.calloc   0x000000001780e3a4       0xbc common/built-in.o
                0x000000001780e3a4                calloc
 .text.realloc  0x000000001780e460      0x344 common/built-in.o
                0x000000001780e460                realloc
 .text.memalign
                0x000000001780e7a4       0xbe common/built-in.o
                0x000000001780e7a4                memalign
 .text.malloc_simple
                0x000000001780e862       0x28 common/built-in.o
                0x000000001780e862                malloc_simple
 *fill*         0x000000001780e88a        0x2 
 .text.on_loadaddr
                0x000000001780e88c       0x20 common/built-in.o
 .text.image_check_hcrc
                0x000000001780e8ac       0x2a common/built-in.o
                0x000000001780e8ac                image_check_hcrc
 .text.image_check_dcrc
                0x000000001780e8d6       0x22 common/built-in.o
                0x000000001780e8d6                image_check_dcrc
 .text.image_multi_count
                0x000000001780e8f8       0x12 common/built-in.o
                0x000000001780e8f8                image_multi_count
 .text.image_multi_getimg
                0x000000001780e90a       0x50 common/built-in.o
                0x000000001780e90a                image_multi_getimg
 *fill*         0x000000001780e95a        0x2 
 .text.getenv_bootm_low
                0x000000001780e95c       0x20 common/built-in.o
                0x000000001780e95c                getenv_bootm_low
 .text.getenv_bootm_size
                0x000000001780e97c       0x3c common/built-in.o
                0x000000001780e97c                getenv_bootm_size
 .text.getenv_bootm_mapsize
                0x000000001780e9b8       0x20 common/built-in.o
                0x000000001780e9b8                getenv_bootm_mapsize
 .text.memmove_wd
                0x000000001780e9d8        0xa common/built-in.o
                0x000000001780e9d8                memmove_wd
 *fill*         0x000000001780e9e2        0x2 
 .text.genimg_print_size
                0x000000001780e9e4       0x24 common/built-in.o
                0x000000001780e9e4                genimg_print_size
 .text.get_table_entry_name
                0x000000001780ea08       0x16 common/built-in.o
                0x000000001780ea08                get_table_entry_name
 *fill*         0x000000001780ea1e        0x2 
 .text.genimg_get_os_name
                0x000000001780ea20       0x14 common/built-in.o
                0x000000001780ea20                genimg_get_os_name
 .text.genimg_get_arch_name
                0x000000001780ea34       0x14 common/built-in.o
                0x000000001780ea34                genimg_get_arch_name
 .text.genimg_get_type_name
                0x000000001780ea48       0x14 common/built-in.o
                0x000000001780ea48                genimg_get_type_name
 .text.genimg_get_comp_name
                0x000000001780ea5c       0x14 common/built-in.o
                0x000000001780ea5c                genimg_get_comp_name
 .text.image_print_contents
                0x000000001780ea70       0xf0 common/built-in.o
                0x000000001780ea70                image_print_contents
 .text.genimg_get_kernel_addr_fit
                0x000000001780eb60       0x14 common/built-in.o
                0x000000001780eb60                genimg_get_kernel_addr_fit
 .text.genimg_get_format
                0x000000001780eb74       0x20 common/built-in.o
                0x000000001780eb74                genimg_get_format
 .text.genimg_get_image
                0x000000001780eb94        0x2 common/built-in.o
                0x000000001780eb94                genimg_get_image
 .text.genimg_has_config
                0x000000001780eb96        0x4 common/built-in.o
                0x000000001780eb96                genimg_has_config
 *fill*         0x000000001780eb9a        0x2 
 .text.boot_get_ramdisk
                0x000000001780eb9c      0x174 common/built-in.o
                0x000000001780eb9c                boot_get_ramdisk
 .text.boot_ramdisk_high
                0x000000001780ed10       0xc8 common/built-in.o
                0x000000001780ed10                boot_ramdisk_high
 .text.boot_get_setup
                0x000000001780edd8        0x6 common/built-in.o
                0x000000001780edd8                boot_get_setup
 .text.image_setup_linux
                0x000000001780edde       0x52 common/built-in.o
                0x000000001780edde                image_setup_linux
 .text.fdt_error
                0x000000001780ee30       0x24 common/built-in.o
 .text.boot_fdt_add_mem_rsv_regions
                0x000000001780ee54       0x54 common/built-in.o
                0x000000001780ee54                boot_fdt_add_mem_rsv_regions
 .text.boot_relocate_fdt
                0x000000001780eea8      0x10c common/built-in.o
                0x000000001780eea8                boot_relocate_fdt
 .text.boot_get_fdt
                0x000000001780efb4      0x1a8 common/built-in.o
                0x000000001780efb4                boot_get_fdt
 .text.ft_verify_fdt
                0x000000001780f15c        0x4 common/built-in.o
                0x000000001780f15c                ft_verify_fdt
 .text.image_setup_libfdt
                0x000000001780f160       0x90 common/built-in.o
                0x000000001780f160                image_setup_libfdt
 .text.get_effective_memsize
                0x000000001780f1f0        0x6 common/built-in.o
                0x000000001780f1f0                get_effective_memsize
 .text.nulldev_putc
                0x000000001780f1f6        0x2 common/built-in.o
 .text.nulldev_puts
                0x000000001780f1f8        0x2 common/built-in.o
 .text.nulldev_input
                0x000000001780f1fa        0x4 common/built-in.o
 .text.stdio_serial_tstc
                0x000000001780f1fe        0x4 common/built-in.o
 .text.stdio_serial_getc
                0x000000001780f202        0x4 common/built-in.o
 .text.stdio_serial_puts
                0x000000001780f206        0x6 common/built-in.o
 .text.stdio_serial_putc
                0x000000001780f20c        0x6 common/built-in.o
 *fill*         0x000000001780f212        0x2 
 .text.stdio_get_list
                0x000000001780f214        0x8 common/built-in.o
                0x000000001780f214                stdio_get_list
 .text.stdio_get_by_name
                0x000000001780f21c       0x30 common/built-in.o
                0x000000001780f21c                stdio_get_by_name
 .text.stdio_clone
                0x000000001780f24c       0x22 common/built-in.o
                0x000000001780f24c                stdio_clone
 *fill*         0x000000001780f26e        0x2 
 .text.stdio_register_dev
                0x000000001780f270       0x30 common/built-in.o
                0x000000001780f270                stdio_register_dev
 .text.stdio_register
                0x000000001780f2a0        0x6 common/built-in.o
                0x000000001780f2a0                stdio_register
 *fill*         0x000000001780f2a6        0x2 
 .text.stdio_init_tables
                0x000000001780f2a8       0x14 common/built-in.o
                0x000000001780f2a8                stdio_init_tables
 .text.stdio_add_devices
                0x000000001780f2bc       0x94 common/built-in.o
                0x000000001780f2bc                stdio_add_devices
 .text.run_command
                0x000000001780f350        0xe common/built-in.o
                0x000000001780f350                run_command
 .text.run_command_list
                0x000000001780f35e       0x38 common/built-in.o
                0x000000001780f35e                run_command_list
 *fill*         0x000000001780f396        0x2 
 .text.do_run   0x000000001780f398       0x50 common/built-in.o
                0x000000001780f398                do_run
 .text.cli_loop
                0x000000001780f3e8        0x8 common/built-in.o
                0x000000001780f3e8                cli_loop
 .text.cli_init
                0x000000001780f3f0        0x4 common/built-in.o
                0x000000001780f3f0                cli_init
 .text.delete_char.part.0
                0x000000001780f3f4       0x84 common/built-in.o
 .text.cread_add_char
                0x000000001780f478       0x80 common/built-in.o
 .text.cli_readline_into_buffer
                0x000000001780f4f8      0x5fc common/built-in.o
                0x000000001780f4f8                cli_readline_into_buffer
 .text.cli_readline
                0x000000001780faf4       0x10 common/built-in.o
                0x000000001780faf4                cli_readline
 .text.find_cmd_tbl
                0x000000001780fb04       0x64 common/built-in.o
                0x000000001780fb04                find_cmd_tbl
 .text.find_cmd
                0x000000001780fb68       0x1c common/built-in.o
                0x000000001780fb68                find_cmd
 .text.cmd_usage
                0x000000001780fb84       0x3c common/built-in.o
                0x000000001780fb84                cmd_usage
 .text._do_help
                0x000000001780fbc0       0xfc common/built-in.o
                0x000000001780fbc0                _do_help
 .text.var_complete
                0x000000001780fcbc       0x48 common/built-in.o
                0x000000001780fcbc                var_complete
 .text.cmd_auto_complete
                0x000000001780fd04      0x304 common/built-in.o
                0x000000001780fd04                cmd_auto_complete
 .text.cmd_get_data_size
                0x0000000017810008       0x38 common/built-in.o
                0x0000000017810008                cmd_get_data_size
 .text.cmd_process
                0x0000000017810040       0x94 common/built-in.o
                0x0000000017810040                cmd_process
 .text.cmd_process_error
                0x00000000178100d4       0x1c common/built-in.o
                0x00000000178100d4                cmd_process_error
 .text.hex1_bin
                0x00000000178100f0       0x2a common/built-in.o
 .text.hex2_bin
                0x000000001781011a       0x24 common/built-in.o
 .text.srec_decode
                0x000000001781013e      0x184 common/built-in.o
                0x000000001781013e                srec_decode
 *fill*         0x00000000178102c2        0x2 
 .text.CYGACC_COMM_IF_GETC_TIMEOUT.isra.0
                0x00000000178102c4       0x2c common/built-in.o
 .text.xyzModem_flush
                0x00000000178102f0       0x14 common/built-in.o
 .text.xyzModem_get_hdr
                0x0000000017810304      0x16c common/built-in.o
 .text.xyzModem_stream_open
                0x0000000017810470      0x178 common/built-in.o
                0x0000000017810470                xyzModem_stream_open
 .text.xyzModem_stream_read
                0x00000000178105e8      0x1c0 common/built-in.o
                0x00000000178105e8                xyzModem_stream_read
 .text.xyzModem_stream_close
                0x00000000178107a8       0x40 common/built-in.o
                0x00000000178107a8                xyzModem_stream_close
 .text.xyzModem_stream_terminate
                0x00000000178107e8       0x68 common/built-in.o
                0x00000000178107e8                xyzModem_stream_terminate
 .text.xyzModem_error
                0x0000000017810850       0x18 common/built-in.o
                0x0000000017810850                xyzModem_error
 .text.common_diskboot
                0x0000000017810868      0x188 common/built-in.o
                0x0000000017810868                common_diskboot
 .text.get_dev_hwpart
                0x00000000178109f0       0x64 disk/built-in.o
 .text.dev_print
                0x0000000017810a54      0x194 disk/built-in.o
                0x0000000017810a54                dev_print
 .text.init_part
                0x0000000017810be8       0x14 disk/built-in.o
                0x0000000017810be8                init_part
 .text.print_part
                0x0000000017810bfc       0xa0 disk/built-in.o
                0x0000000017810bfc                print_part
 .text.get_partition_info
                0x0000000017810c9c       0x1c disk/built-in.o
                0x0000000017810c9c                get_partition_info
 .text.get_device
                0x0000000017810cb8       0xa4 disk/built-in.o
                0x0000000017810cb8                get_device
 .text.get_device_and_partition
                0x0000000017810d5c      0x294 disk/built-in.o
                0x0000000017810d5c                get_device_and_partition
 .text.test_block_type
                0x0000000017810ff0       0x50 disk/built-in.o
 .text.print_partition_extended
                0x0000000017811040      0x1b8 disk/built-in.o
 .text.get_partition_info_extended.constprop.1
                0x00000000178111f8      0x1f8 disk/built-in.o
 .text.test_part_dos
                0x00000000178113f0       0x42 disk/built-in.o
                0x00000000178113f0                test_part_dos
 *fill*         0x0000000017811432        0x2 
 .text.print_part_dos
                0x0000000017811434       0x20 disk/built-in.o
                0x0000000017811434                print_part_dos
 .text.get_partition_info_dos
                0x0000000017811454       0x16 disk/built-in.o
                0x0000000017811454                get_partition_info_dos
 *fill*         0x000000001781146a        0x2 
 .text.device_bind
                0x000000001781146c      0x174 drivers/built-in.o
                0x000000001781146c                device_bind
 .text.device_bind_by_name
                0x00000000178115e0       0x3e drivers/built-in.o
                0x00000000178115e0                device_bind_by_name
 .text.device_probe
                0x000000001781161e        0x6 drivers/built-in.o
                0x000000001781161e                device_probe
 .text.device_probe_child
                0x0000000017811624      0x120 drivers/built-in.o
                0x0000000017811624                device_probe_child
 .text.dev_get_platdata
                0x0000000017811744       0x20 drivers/built-in.o
                0x0000000017811744                dev_get_platdata
 .text.dev_get_priv
                0x0000000017811764       0x20 drivers/built-in.o
                0x0000000017811764                dev_get_priv
 .text.lists_driver_lookup_name
                0x0000000017811784       0x2c drivers/built-in.o
                0x0000000017811784                lists_driver_lookup_name
 .text.lists_uclass_lookup
                0x00000000178117b0       0x24 drivers/built-in.o
                0x00000000178117b0                lists_uclass_lookup
 .text.lists_bind_drivers
                0x00000000178117d4       0x54 drivers/built-in.o
                0x00000000178117d4                lists_bind_drivers
 .text.dm_root  0x0000000017811828       0x1c drivers/built-in.o
                0x0000000017811828                dm_root
 .text.dm_init  0x0000000017811844       0x44 drivers/built-in.o
                0x0000000017811844                dm_init
 .text.dm_scan_platdata
                0x0000000017811888       0x20 drivers/built-in.o
                0x0000000017811888                dm_scan_platdata
 .text.dm_scan_other
                0x00000000178118a8        0x4 drivers/built-in.o
                0x00000000178118a8                dm_scan_other
 .text.dm_init_and_scan
                0x00000000178118ac       0x1e drivers/built-in.o
                0x00000000178118ac                dm_init_and_scan
 .text.uclass_find
                0x00000000178118ca       0x2a drivers/built-in.o
                0x00000000178118ca                uclass_find
 .text.uclass_get
                0x00000000178118f4       0xb4 drivers/built-in.o
                0x00000000178118f4                uclass_get
 .text.uclass_find_device
                0x00000000178119a8       0x3a drivers/built-in.o
                0x00000000178119a8                uclass_find_device
 .text.uclass_find_device_by_seq
                0x00000000178119e2       0x4a drivers/built-in.o
                0x00000000178119e2                uclass_find_device_by_seq
 .text.uclass_get_device
                0x0000000017811a2c       0x20 drivers/built-in.o
                0x0000000017811a2c                uclass_get_device
 .text.uclass_bind_device
                0x0000000017811a4c       0x4e drivers/built-in.o
                0x0000000017811a4c                uclass_bind_device
 .text.uclass_unbind_device
                0x0000000017811a9a       0x24 drivers/built-in.o
                0x0000000017811a9a                uclass_unbind_device
 *fill*         0x0000000017811abe        0x2 
 .text.uclass_resolve_seq
                0x0000000017811ac0       0x64 drivers/built-in.o
                0x0000000017811ac0                uclass_resolve_seq
 .text.uclass_pre_probe_child
                0x0000000017811b24       0x12 drivers/built-in.o
                0x0000000017811b24                uclass_pre_probe_child
 .text.uclass_post_probe_device
                0x0000000017811b36        0xe drivers/built-in.o
                0x0000000017811b36                uclass_post_probe_device
 .text.uclass_pre_remove_device
                0x0000000017811b44       0x2e drivers/built-in.o
                0x0000000017811b44                uclass_pre_remove_device
 .text.dm_warn  0x0000000017811b72       0x1a drivers/built-in.o
                0x0000000017811b72                dm_warn
 .text.device_free
                0x0000000017811b8c       0x44 drivers/built-in.o
                0x0000000017811b8c                device_free
 .text.device_remove
                0x0000000017811bd0       0xcc drivers/built-in.o
                0x0000000017811bd0                device_remove
 .text.generic_ffs.part.0
                0x0000000017811c9c       0x30 drivers/built-in.o
 .text.ahci_exec_ata_cmd
                0x0000000017811ccc      0x194 drivers/built-in.o
 .text.dwc_ahsata_rw_cmd_ext
                0x0000000017811e60       0x8c drivers/built-in.o
 .text.dwc_ahsata_rw_cmd
                0x0000000017811eec       0x80 drivers/built-in.o
 .text.init_sata
                0x0000000017811f6c      0x40c drivers/built-in.o
                0x0000000017811f6c                init_sata
 .text.reset_sata
                0x0000000017812378       0x40 drivers/built-in.o
                0x0000000017812378                reset_sata
 .text.dwc_ahsata_flush_cache
                0x00000000178123b8       0x50 drivers/built-in.o
                0x00000000178123b8                dwc_ahsata_flush_cache
 .text.dwc_ahsata_flush_cache_ext
                0x0000000017812408       0x50 drivers/built-in.o
                0x0000000017812408                dwc_ahsata_flush_cache_ext
 .text.ata_low_level_rw_lba48
                0x0000000017812458       0x5e drivers/built-in.o
                0x0000000017812458                ata_low_level_rw_lba48
 .text.ata_low_level_rw_lba28
                0x00000000178124b6       0x56 drivers/built-in.o
                0x00000000178124b6                ata_low_level_rw_lba28
 .text.sata_read
                0x000000001781250c       0x28 drivers/built-in.o
                0x000000001781250c                sata_read
 .text.sata_write
                0x0000000017812534       0x54 drivers/built-in.o
                0x0000000017812534                sata_write
 .text.scan_sata
                0x0000000017812588      0x270 drivers/built-in.o
                0x0000000017812588                scan_sata
 .text.ata_id_n_sectors
                0x00000000178127f8       0x52 drivers/built-in.o
                0x00000000178127f8                ata_id_n_sectors
 .text.ata_id_c_string
                0x000000001781284a       0x48 drivers/built-in.o
                0x000000001781284a                ata_id_c_string
 .text.ata_swap_buf_le16
                0x0000000017812892        0x2 drivers/built-in.o
                0x0000000017812892                ata_swap_buf_le16
 .text.finish_access
                0x0000000017812894       0x20 drivers/built-in.o
 .text.set_timing
                0x00000000178128b4       0x7c drivers/built-in.o
 .text.prepare_access
                0x0000000017812930       0x4c drivers/built-in.o
 .text.fuse_bank_physical
                0x000000001781297c       0x4c drivers/built-in.o
                0x000000001781297c                fuse_bank_physical
 .text.fuse_read
                0x00000000178129c8       0x48 drivers/built-in.o
                0x00000000178129c8                fuse_read
 .text.fuse_sense
                0x0000000017812a10       0x68 drivers/built-in.o
                0x0000000017812a10                fuse_sense
 .text.fuse_prog
                0x0000000017812a78       0x68 drivers/built-in.o
                0x0000000017812a78                fuse_prog
 .text.fuse_override
                0x0000000017812ae0       0x44 drivers/built-in.o
                0x0000000017812ae0                fuse_override
 .text.video_drawchars
                0x0000000017812b24      0x318 drivers/built-in.o
 .text.draw_bitmap
                0x0000000017812e3c       0x78 drivers/built-in.o
 .text.console_newline.constprop.2
                0x0000000017812eb4       0x90 drivers/built-in.o
 .text.video_putc
                0x0000000017812f44       0xe4 drivers/built-in.o
 .text.video_puts
                0x0000000017813028       0x50 drivers/built-in.o
 .text.board_cfb_skip
                0x0000000017813078        0x4 drivers/built-in.o
                0x0000000017813078                board_cfb_skip
 .text.video_set_lut
                0x000000001781307c        0x4 drivers/built-in.o
                0x000000001781307e                video_set_lut
 .text.display_rle8_bitmap
                0x0000000017813080      0x234 drivers/built-in.o
 .text.plot_logo_or_black
                0x00000000178132b4      0x1d0 drivers/built-in.o
 .text.do_clrlogo
                0x0000000017813484       0x40 drivers/built-in.o
 .text.video_display_bitmap
                0x00000000178134c4      0x73c drivers/built-in.o
                0x00000000178134c4                video_display_bitmap
 .text.video_clear
                0x0000000017813c00       0x34 drivers/built-in.o
                0x0000000017813c00                video_clear
 .text.drv_video_init
                0x0000000017813c34      0x2b0 drivers/built-in.o
                0x0000000017813c34                drv_video_init
 .text.mxcfb_map_video_memory
                0x0000000017813ee4       0x68 drivers/built-in.o
 .text.ipuv3_fb_shutdown
                0x0000000017813f4c       0x40 drivers/built-in.o
                0x0000000017813f4c                ipuv3_fb_shutdown
 .text.video_hw_init
                0x0000000017813f8c      0x454 drivers/built-in.o
                0x0000000017813f8c                video_hw_init
 .text.ipuv3_fb_init
                0x00000000178143e0       0x1c drivers/built-in.o
                0x00000000178143e0                ipuv3_fb_init
 .text.clk_ldb_clk_enable
                0x00000000178143fc       0x12 drivers/built-in.o
 .text.clk_ipu_enable
                0x000000001781440e        0x4 drivers/built-in.o
 .text.clk_ldb_clk_disable
                0x0000000017814412       0x12 drivers/built-in.o
 .text.clk_ipu_disable
                0x0000000017814424        0x4 drivers/built-in.o
 .text.ipu_pixel_clk_enable
                0x0000000017814428       0x20 drivers/built-in.o
 .text.ipu_pixel_clk_disable
                0x0000000017814448       0x1c drivers/built-in.o
 .text.ipu_pixel_clk_round_rate
                0x0000000017814464       0xc8 drivers/built-in.o
 .text.ipu_pixel_clk_set_rate
                0x000000001781452c       0xa0 drivers/built-in.o
 .text.ipu_pixel_clk_recalc
                0x00000000178145cc       0x48 drivers/built-in.o
 .text.ipu_pixel_clk_set_parent
                0x0000000017814614       0x64 drivers/built-in.o
 .text.clk_enable
                0x0000000017814678       0x12 drivers/built-in.o
                0x0000000017814678                clk_enable
 .text.clk_disable
                0x000000001781468a       0x14 drivers/built-in.o
                0x000000001781468a                clk_disable
 .text.clk_get_usecount
                0x000000001781469e        0x8 drivers/built-in.o
                0x000000001781469e                clk_get_usecount
 .text.clk_get_rate
                0x00000000178146a6        0x6 drivers/built-in.o
                0x00000000178146a6                clk_get_rate
 .text.clk_get_parent
                0x00000000178146ac        0x6 drivers/built-in.o
                0x00000000178146ac                clk_get_parent
 .text.clk_set_rate
                0x00000000178146b2       0x10 drivers/built-in.o
                0x00000000178146b2                clk_set_rate
 .text.clk_round_rate
                0x00000000178146c2        0xc drivers/built-in.o
                0x00000000178146c2                clk_round_rate
 .text.clk_set_parent
                0x00000000178146ce        0xc drivers/built-in.o
                0x00000000178146ce                clk_set_parent
 *fill*         0x00000000178146da        0x2 
 .text.ipu_probe
                0x00000000178146dc       0xf0 drivers/built-in.o
                0x00000000178146dc                ipu_probe
 .text.ipu_dump_registers
                0x00000000178147cc        0x2 drivers/built-in.o
                0x00000000178147cc                ipu_dump_registers
 *fill*         0x00000000178147ce        0x2 
 .text.ipu_init_channel
                0x00000000178147d0      0x158 drivers/built-in.o
                0x00000000178147d0                ipu_init_channel
 .text.ipu_uninit_channel
                0x0000000017814928      0x1c4 drivers/built-in.o
                0x0000000017814928                ipu_uninit_channel
 .text.ipu_enable_channel
                0x0000000017814aec       0x98 drivers/built-in.o
                0x0000000017814aec                ipu_enable_channel
 .text.ipu_clear_buffer_ready
                0x0000000017814b84       0x58 drivers/built-in.o
                0x0000000017814b84                ipu_clear_buffer_ready
 .text.ipu_disable_channel
                0x0000000017814bdc      0x11c drivers/built-in.o
                0x0000000017814bdc                ipu_disable_channel
 .text.bytes_per_pixel
                0x0000000017814cf8       0x94 drivers/built-in.o
                0x0000000017814cf8                bytes_per_pixel
 .text.ipu_init_channel_buffer
                0x0000000017814d8c      0x428 drivers/built-in.o
                0x0000000017814d8c                ipu_init_channel_buffer
 .text.format_to_colorspace
                0x00000000178151b4       0x84 drivers/built-in.o
                0x00000000178151b4                format_to_colorspace
 .text.ipu_dc_map_config
                0x0000000017815238       0x70 drivers/built-in.o
 .text.rgb_to_yuv
                0x00000000178152a8       0x4c drivers/built-in.o
 .text.ipu_dc_link_event
                0x00000000178152f4       0xd4 drivers/built-in.o
 .text.ipu_dp_csc_setup.isra.0
                0x00000000178153c8       0xdc drivers/built-in.o
 .text.ipu_di_sync_config.constprop.3
                0x00000000178154a4       0xc0 drivers/built-in.o
 .text.ipu_dmfc_init
                0x0000000017815564       0xe8 drivers/built-in.o
                0x0000000017815564                ipu_dmfc_init
 .text.ipu_dmfc_set_wait4eot
                0x000000001781564c       0xd4 drivers/built-in.o
                0x000000001781564c                ipu_dmfc_set_wait4eot
 .text.ipu_dp_init
                0x0000000017815720      0x13c drivers/built-in.o
                0x0000000017815720                ipu_dp_init
 .text.ipu_dp_uninit
                0x000000001781585c       0x58 drivers/built-in.o
                0x000000001781585c                ipu_dp_uninit
 .text.ipu_dc_init
                0x00000000178158b4      0x194 drivers/built-in.o
                0x00000000178158b4                ipu_dc_init
 .text.ipu_dc_uninit
                0x0000000017815a48      0x10c drivers/built-in.o
                0x0000000017815a48                ipu_dc_uninit
 .text.ipu_dp_dc_enable
                0x0000000017815b54      0x124 drivers/built-in.o
                0x0000000017815b54                ipu_dp_dc_enable
 .text.ipu_dp_dc_disable
                0x0000000017815c78      0x200 drivers/built-in.o
                0x0000000017815c78                ipu_dp_dc_disable
 .text.ipu_init_dc_mappings
                0x0000000017815e78       0xec drivers/built-in.o
                0x0000000017815e78                ipu_init_dc_mappings
 .text.ipu_init_sync_panel
                0x0000000017815f64      0x550 drivers/built-in.o
                0x0000000017815f64                ipu_init_sync_panel
 .text.ipu_disp_set_global_alpha
                0x00000000178164b4       0xc8 drivers/built-in.o
                0x00000000178164b4                ipu_disp_set_global_alpha
 .text.ipu_disp_set_color_key
                0x000000001781657c      0x124 drivers/built-in.o
                0x000000001781657c                ipu_disp_set_color_key
 .text.reset_cpu
                0x00000000178166a0       0x18 drivers/built-in.o
                0x00000000178166a0                reset_cpu
 .text.pwm_init
                0x00000000178166b8        0xe drivers/built-in.o
                0x00000000178166b8                pwm_init
 .text.pwm_config
                0x00000000178166c6       0x3a drivers/built-in.o
                0x00000000178166c6                pwm_config
 .text.pwm_enable
                0x0000000017816700       0x12 drivers/built-in.o
                0x0000000017816700                pwm_enable
 *fill*         0x0000000017816712        0x2 
 .text.pwm_id_to_reg
                0x0000000017816714       0x3c drivers/built-in.o
                0x0000000017816714                pwm_id_to_reg
 .text.pwm_imx_get_parms
                0x0000000017816750       0x80 drivers/built-in.o
                0x0000000017816750                pwm_imx_get_parms
 .text.thermal_get_temp