fat.c:31:13:downcase	0	static
fat.c:46:12:disk_read	12	static
fat.c:161:14:get_fatent	24	static
fat.c:556:13:mkcksum	8	static
fat.c:259:1:get_cluster	40	dynamic
fat.c:132:13:get_name	24	static
fat.c:739:1:read_bootsectandvi	24	static
fat.c:440:12:slot2str	12	static
fat.c:473:1:get_vfatname	40	static
fat.c:55:5:fat_set_blk_dev	24	dynamic
fat.c:84:5:fat_register_device	96	static
fat.c:809:5:do_fat_read_at	2568	static
fat.c:1200:5:do_fat_read	40	static
fat.c:1206:5:file_fat_detectfs	120	static
fat.c:1268:5:file_fat_ls	24	static
fat.c:1275:5:fat_exists	48	static
fat.c:1284:5:fat_size	40	static
fat.c:1289:5:file_fat_read_at	48	static
fat.c:1297:5:file_fat_read	40	static
fat.c:1309:5:fat_read_file	48	static
fat.c:1321:6:fat_close	0	static
