fec_mxc.c:365:12:fec_set_hwaddr	8	static
fec_mxc.c:388:13:fec_reg_setup	0	static
fec_mxc.c:191:12:fec_phy_write	16	static
fec_mxc.c:185:12:fec_phy_read	16	static
fec_mxc.c:590:13:fec_halt	16	static
fec_mxc.c:632:12:fec_send	24	static
fec_mxc.c:134:13:fec_mii_setspeed	16	static
fec_mxc.c:529:12:fec_init	32	static
fec_mxc.c:777:12:fec_recv	1600	static
fec_mxc.c:969:5:fec_probe	48	static
fec_mxc.c:1059:17:fec_get_miibus	16	static
fec_mxc.c:1085:5:fecmxc_initialize_multi	32	static
fec_mxc.c:1131:5:fecmxc_initialize	0	static
