bootstage.h:341:19:bootstage_relocate	0	static
board_r.c:133:12:initr_reloc_global_data	0	static
board_r.c:295:12:power_init_board	0	static
board_r.c:300:12:initr_announce	0	static
board_r.c:693:12:run_main_loop	8	static
board_r.c:590:12:initr_net	8	static
board_r.c:519:12:initr_ethaddr	8	static
board_r.c:511:12:initr_enable_interrupts	8	static
board_r.c:494:12:initr_jumptable	8	static
board_r.c:440:12:initr_env	8	static
board_r.c:401:12:initr_mmc	8	static
board_r.c:167:12:initr_serial	8	static
board_r.c:286:12:initr_dm	0	static
board_r.c:262:12:initr_malloc	8	static
board_r.c:120:12:initr_caches	8	static
board_r.c:106:12:initr_reloc	8	static
board_r.c:253:12:initr_barrier	0	static
board_r.c:97:12:initr_trace	0	static
board_r.c:69:12:board_flash_wp_on	0	static
board_r.c:79:13:cpu_secondary_init_r	0	static
board_r.c:83:12:initr_secondary_cpu	8	static
board_r.c:128:12:fixup_cpu	0	static
board_r.c:920:6:board_init_r	8	static
