cmd_i2c.c:1883:12:do_i2c	24	static
cmd_i2c.c:1818:12:do_i2c_reset	8	static
cmd_i2c.c:909:12:do_i2c_probe	16	static
cmd_i2c.c:1747:12:do_i2c_bus_speed	8	static
cmd_i2c.c:1636:12:do_i2c_show_bus	24	static
cmd_i2c.c:1697:12:do_i2c_bus_num	8	static
cmd_i2c.c:241:13:get_alen.constprop	0	static
cmd_i2c.c:676:12:do_i2c_crc	48	static
cmd_i2c.c:761:1:mod_i2c_mem.isra.4	48	static
cmd_i2c.c:1804:12:do_i2c_nm	0	static
cmd_i2c.c:1789:12:do_i2c_mm	0	static
cmd_i2c.c:471:12:do_i2c_md	64	static
cmd_i2c.c:283:12:do_i2c_read	32	static
cmd_i2c.c:590:12:do_i2c_mw	40	static
cmd_i2c.c:336:12:do_i2c_write	40	static
cmd_i2c.c:984:12:do_i2c_loop	56	static
cmd_i2c.c:184:6:i2c_init_board	0	static
