image.c:416:12:on_loadaddr	8	static
image.c:168:5:image_check_hcrc	72	static
image.c:183:5:image_check_dcrc	8	static
image.c:205:7:image_multi_count	0	static
image.c:238:6:image_multi_getimg	24	static
image.c:432:7:getenv_bootm_low	8	static
image.c:449:13:getenv_bootm_size	8	static
image.c:471:13:getenv_bootm_mapsize	8	static
image.c:487:6:memmove_wd	0	static
image.c:517:6:genimg_print_size	8	static
image.c:559:7:get_table_entry_name	0	static
image.c:572:13:genimg_get_os_name	0	static
image.c:577:13:genimg_get_arch_name	0	static
image.c:583:13:genimg_get_type_name	0	static
image.c:588:13:genimg_get_comp_name	0	static
image.c:298:6:image_print_contents	40	static
image.c:608:5:get_table_entry_id	16	static
image.c:642:5:genimg_get_os_id	0	static
image.c:647:5:genimg_get_arch_id	0	static
image.c:652:5:genimg_get_type_id	0	static
image.c:657:5:genimg_get_comp_id	0	static
image.c:678:7:genimg_get_kernel_addr_fit	0	static
image.c:712:7:genimg_get_kernel_addr	16	static
image.c:735:5:genimg_get_format	8	static
image.c:766:7:genimg_get_image	0	static
image.c:842:5:genimg_has_config	0	static
image.c:873:5:boot_get_ramdisk	40	static
image.c:1078:5:boot_ramdisk_high	24	static
image.c:1157:5:boot_get_setup	0	static
image.c:1242:5:image_setup_linux	32	static
