ehci-hcd.c:146:12:handshake	24	static
ehci-hcd.c:190:12:ehci_shutdown	16	static
ehci-hcd.c:223:12:ehci_td_buffer	16	static
ehci-hcd.c:267:13:ehci_update_endpt2_dev_n_port.isra.0.part.1	0	static
ehci-hcd.c:291:1:ehci_submit_async	224	static
ehci-hcd.c:1130:1:disable_periodic.isra.2	8	static
ehci-hcd.c:1109:1:enable_periodic.isra.3	8	static
ehci-hcd.c:122:12:ehci_get_port_speed	0	static
ehci-hcd.c:127:13:ehci_set_usbmode	0	static
ehci-hcd.c:141:13:ehci_powerup_fixup	0	static
ehci-hcd.c:652:18:ehci_get_portsc_register	0	static
ehci-hcd.c:664:1:ehci_submit_root	48	static
ehci-hcd.c:933:5:usb_lowlevel_stop	8	static
ehci-hcd.c:939:5:usb_lowlevel_init	32	static
ehci-hcd.c:1068:1:submit_bulk_msg	16	static
ehci-hcd.c:1080:1:submit_control_msg	24	static
ehci-hcd.c:1150:1:create_int_queue	72	static
ehci-hcd.c:1307:7:poll_int_queue	16	static
ehci-hcd.c:1343:1:destroy_int_queue	32	static
ehci-hcd.c:1390:1:submit_int_msg	32	static
