phy.c:426:5:genphy_shutdown	0	static
bitops.h:12:19:generic_ffs.part.0	0	static
phy.c:539:27:phy_device_create	24	static
phy.c:638:27:get_phy_device_by_mask	40	static
phy.c:138:5:genphy_restart_aneg	24	static
phy.c:166:5:genphy_config_aneg	32	static
phy.c:365:5:genphy_config	16	static
phy.c:206:5:genphy_update_link	24	static
phy.c:274:5:genphy_parse_link	24	static
phy.c:418:5:genphy_startup	8	static
phy.c:443:5:phy_init	8	static
phy.c:491:5:phy_register	0	static
phy.c:675:5:phy_reset	24	static
phy.c:730:5:miiphy_reset	8	static
phy.c:745:20:phy_find_by_mask	16	static
phy.c:757:6:phy_connect_dev	24	static
phy.c:770:20:phy_connect	24	static
phy.c:786:5:phy_startup	0	static
phy.c:794:12:board_phy_config	0	static
phy.c:801:5:phy_config	8	static
phy.c:809:5:phy_shutdown	8	static
