clock.c:978:12:enable_enet_pll	12	static
clock.c:346:12:get_ipg_clk	8	static
clock.c:372:12:get_uart_clk	8	static
clock.c:253:12:mxc_get_pll_pfd	24	static
clock.c:922:12:get_usdhc_clk	8	static
clock.c:26:6:enable_ocotp_clk	0	static
clock.c:81:6:enable_usboh3_clk	0	static
clock.c:95:6:enable_enet_clk	0	static
clock.c:118:6:enable_uart_clk	0	static
clock.c:149:5:enable_usdhc_clk	0	static
clock.c:168:5:enable_i2c_clk	0	static
clock.c:206:5:enable_spi_clk	0	static
clock.c:294:5:get_periph_clk	8	static
clock.c:405:12:get_axi_clk	8	static
clock.c:852:5:enable_fec_anatop_clock	8	static
clock.c:967:5:imx_get_uartclk	0	static
clock.c:1033:5:enable_sata_clock	0	static
clock.c:1039:6:disable_sata_clock	0	static
clock.c:1048:5:enable_pcie_clock	8	static
clock.c:1160:6:enable_thermal_clk	0	static
clock.c:1165:14:mxc_get_clock	8	static
clock.c:972:5:imx_get_fecclk	0	static
clock.c:1210:5:do_mx6_showclocks	16	static
clock.c:1268:6:enable_ipu_clock	0	static
