device.c:27:5:device_bind	40	static
device.c:152:5:device_bind_by_name	32	static
device.c:273:5:device_probe	0	static
device.c:167:5:device_probe_child	24	static
device.c:278:7:dev_get_platdata	8	static
device.c:288:7:dev_get_parent_platdata	8	static
device.c:298:7:dev_get_priv	8	static
device.c:308:7:dev_get_parentdata	8	static
device.c:333:5:device_get_child	16	static
device.c:345:5:device_find_child_by_seq	16	static
device.c:365:5:device_get_child_by_seq	32	static
device.c:383:5:device_find_child_by_of_offset	8	static
device.c:400:5:device_get_child_by_of_offset	24	static
device.c:411:5:device_find_first_child	0	static
device.c:423:5:device_find_next_child	0	static
device.c:438:17:dev_get_parent	0	static
device.c:443:7:dev_get_of_data	0	static
device.c:448:16:device_get_uclass_id	0	static
device.c:459:12:dev_get_addr	0	static
