uclass.c:22:16:uclass_find	0	static
uclass.c:99:5:uclass_destroy	24	static
uclass.c:125:5:uclass_get	24	static
uclass.c:138:5:uclass_find_device	24	static
uclass.c:159:5:uclass_find_device_by_seq	32	static
uclass.c:237:5:uclass_get_device	24	static
uclass.c:247:5:uclass_get_device_by_seq	32	static
uclass.c:264:5:uclass_get_device_by_of_offset	24	static
uclass.c:275:5:uclass_first_device	24	static
uclass.c:297:5:uclass_next_device	16	static
uclass.c:316:5:uclass_bind_device	16	static
uclass.c:347:5:uclass_unbind_device	8	static
uclass.c:363:5:uclass_resolve_seq	24	static
uclass.c:394:5:uclass_pre_probe_child	0	static
uclass.c:407:5:uclass_post_probe_device	0	static
uclass.c:417:5:uclass_pre_remove_device	16	static
